   1              	 .syntax unified
   2              	 .cpu cortex-m4
   3              	 .eabi_attribute 27,3
   4              	 .fpu fpv4-sp-d16
   5              	 .eabi_attribute 20,1
   6              	 .eabi_attribute 21,1
   7              	 .eabi_attribute 23,3
   8              	 .eabi_attribute 24,1
   9              	 .eabi_attribute 25,1
  10              	 .eabi_attribute 26,1
  11              	 .eabi_attribute 30,6
  12              	 .eabi_attribute 34,1
  13              	 .eabi_attribute 18,4
  14              	 .thumb
  15              	 .file "driver_pwm.c"
  16              	 .text
  17              	.Ltext0:
  18              	 .cfi_sections .debug_frame
  19              	 .comm CCU8_CC8_CR1_CR1_Value,4,4
  20              	 .global pwm_value
  21              	 .section .data.pwm_value,"aw",%progbits
  22              	 .align 1
  25              	pwm_value:
  26 0000 100E     	 .short 3600
  27              	 .global sat_pwm
  28              	 .section .data.sat_pwm,"aw",%progbits
  29              	 .align 1
  32              	sat_pwm:
  33 0000 3075     	 .short 30000
  34              	 .section .text.pwm_init,"ax",%progbits
  35              	 .align 2
  36              	 .global pwm_init
  37              	 .thumb
  38              	 .thumb_func
  40              	pwm_init:
  41              	.LFB196:
  42              	 .file 1 "../driver_pwm.c"
   1:../driver_pwm.c **** #include "driver_pwm.h"
   2:../driver_pwm.c **** #include "main.h"
   3:../driver_pwm.c **** #include "state_machine.h"
   4:../driver_pwm.c **** 
   5:../driver_pwm.c **** int16_t pwm_value = 3600; // PWM max Value
   6:../driver_pwm.c **** int16_t sat_pwm = 30000;  // Saturation Value for PWM
   7:../driver_pwm.c **** 
   8:../driver_pwm.c **** /*
   9:../driver_pwm.c **** 	Initialize PWM unit
  10:../driver_pwm.c **** */
  11:../driver_pwm.c **** void pwm_init(void)
  12:../driver_pwm.c **** {
  43              	 .loc 1 12 0
  44              	 .cfi_startproc
  45              	 
  46              	 
  47              	 
  48 0000 80B4     	 push {r7}
  49              	.LCFI0:
  50              	 .cfi_def_cfa_offset 4
  51              	 .cfi_offset 7,-4
  52 0002 00AF     	 add r7,sp,#0
  53              	.LCFI1:
  54              	 .cfi_def_cfa_register 7
  13:../driver_pwm.c **** 	///*
  14:../driver_pwm.c **** 	// * PWM pins configuration CCU80 - as alter function 3 - CCU80 OUTxy
  15:../driver_pwm.c **** 	// */
  16:../driver_pwm.c **** 	//	PORT5->IOCR8 |= (GPIO_OUTPUT_ALTER_3 << PORT5_PC11_POS); 		// A_HIGH 	- P5.11 - OUT00
  17:../driver_pwm.c **** 	//	PORT5->IOCR8 |= (GPIO_OUTPUT_ALTER_3 << PORT5_PC8_POS);			// A_LOW 	- P5.8  - OUT01
  18:../driver_pwm.c **** 	//
  19:../driver_pwm.c **** 	//	PORT0->IOCR4 |= (GPIO_OUTPUT_ALTER_3 << PORT0_IOCR4_PC4_Pos);	// B_HIGH 	- P5.10 - OUT10 P0.4 a
  20:../driver_pwm.c **** 	//	PORT2->IOCR12 |=(GPIO_OUTPUT_ALTER_3 << PORT2_PC15_POS);		// B_LOW 	- P2.15 - OUT11
  21:../driver_pwm.c **** 	//
  22:../driver_pwm.c **** 	//	PORT5->IOCR8 |= (GPIO_OUTPUT_ALTER_3 << PORT5_PC9_POS);			// C_HIGH 	- P5.9	- OUT20
  23:../driver_pwm.c **** 	//	PORT2->IOCR12 |=(GPIO_OUTPUT_ALTER_3 << PORT2_PC14_POS);		// C_LOW 	- P2.14	- OUT21
  24:../driver_pwm.c **** 
  25:../driver_pwm.c **** 	/*
  26:../driver_pwm.c **** 	 * CCU80 is already set up from VADC_irq
  27:../driver_pwm.c **** 	 */
  28:../driver_pwm.c **** 	//	/*  Reset CCU80*/
  29:../driver_pwm.c **** 	//	SCU_RESET->PRSET0 |= SCU_PRSET0_CCU80RS_MSK;
  30:../driver_pwm.c **** 	//
  31:../driver_pwm.c **** 	//	/* Clear reset of CCU80 */
  32:../driver_pwm.c **** 	//	SCU_RESET->PRCLR0 |= SCU_PRCLR0_CCU80RS_MSK;
  33:../driver_pwm.c **** 	//
  34:../driver_pwm.c **** 	//	/* Enable CCU8 via clkset */
  35:../driver_pwm.c **** 	//	SCU_CLK->CLKSET |= SCU_CLKSET_CCUCEN_MSK;
  36:../driver_pwm.c **** 	//
  37:../driver_pwm.c **** 	//	/* Enable prescaler */
  38:../driver_pwm.c **** 	//	CCU80->GIDLC |= CCU8_GIDLC_SPRB_MSK;
  39:../driver_pwm.c **** 
  40:../driver_pwm.c **** 	/*
  41:../driver_pwm.c **** 	 * Counting Mode - center aligned(0->max->0)
  42:../driver_pwm.c **** 	 */
  43:../driver_pwm.c **** 	CCU80_CC80->TC |= (uint32_t)(CCU8_CC8_TC_TCM_MSK);
  55              	 .loc 1 43 0
  56 0004 804A     	 ldr r2,.L2
  57 0006 804B     	 ldr r3,.L2
  58 0008 5B69     	 ldr r3,[r3,#20]
  59 000a 43F00103 	 orr r3,r3,#1
  60 000e 5361     	 str r3,[r2,#20]
  44:../driver_pwm.c **** 	CCU80_CC81->TC |= (uint32_t)(CCU8_CC8_TC_TCM_MSK);
  61              	 .loc 1 44 0
  62 0010 7E4A     	 ldr r2,.L2+4
  63 0012 7E4B     	 ldr r3,.L2+4
  64 0014 5B69     	 ldr r3,[r3,#20]
  65 0016 43F00103 	 orr r3,r3,#1
  66 001a 5361     	 str r3,[r2,#20]
  45:../driver_pwm.c **** 	CCU80_CC82->TC |= (uint32_t)(CCU8_CC8_TC_TCM_MSK);
  67              	 .loc 1 45 0
  68 001c 7C4A     	 ldr r2,.L2+8
  69 001e 7C4B     	 ldr r3,.L2+8
  70 0020 5B69     	 ldr r3,[r3,#20]
  71 0022 43F00103 	 orr r3,r3,#1
  72 0026 5361     	 str r3,[r2,#20]
  46:../driver_pwm.c **** 
  47:../driver_pwm.c **** 	/*
  48:../driver_pwm.c **** 	 * Period&Compare channel 1 values configuration
  49:../driver_pwm.c **** 	 */
  50:../driver_pwm.c **** 	CCU80_CC80->PRS |= (uint32_t)(CCU8_CC8_PRS_PR_VALUE);	// Shadow value to timer period PR
  73              	 .loc 1 50 0
  74 0028 774A     	 ldr r2,.L2
  75 002a 774B     	 ldr r3,.L2
  76 002c 5B6B     	 ldr r3,[r3,#52]
  77 002e 43F46163 	 orr r3,r3,#3600
  78 0032 5363     	 str r3,[r2,#52]
  51:../driver_pwm.c **** 	CCU80_CC80->CR1S |= (uint32_t)(CCU8_CC8_CR1_CR1_VALUE); // Shadow value to compare channel 1
  79              	 .loc 1 51 0
  80 0034 744A     	 ldr r2,.L2
  81 0036 744B     	 ldr r3,.L2
  82 0038 DB6B     	 ldr r3,[r3,#60]
  83 003a 43F4E163 	 orr r3,r3,#1800
  84 003e D363     	 str r3,[r2,#60]
  52:../driver_pwm.c **** 
  53:../driver_pwm.c **** 	CCU80_CC81->PRS |= (uint32_t)(CCU8_CC8_PRS_PR_VALUE);
  85              	 .loc 1 53 0
  86 0040 724A     	 ldr r2,.L2+4
  87 0042 724B     	 ldr r3,.L2+4
  88 0044 5B6B     	 ldr r3,[r3,#52]
  89 0046 43F46163 	 orr r3,r3,#3600
  90 004a 5363     	 str r3,[r2,#52]
  54:../driver_pwm.c **** 	CCU80_CC81->CR1S |= (uint32_t)(CCU8_CC8_CR1_CR1_VALUE);
  91              	 .loc 1 54 0
  92 004c 6F4A     	 ldr r2,.L2+4
  93 004e 6F4B     	 ldr r3,.L2+4
  94 0050 DB6B     	 ldr r3,[r3,#60]
  95 0052 43F4E163 	 orr r3,r3,#1800
  96 0056 D363     	 str r3,[r2,#60]
  55:../driver_pwm.c **** 
  56:../driver_pwm.c **** 	CCU80_CC82->PRS |= (uint32_t)(CCU8_CC8_PRS_PR_VALUE);
  97              	 .loc 1 56 0
  98 0058 6D4A     	 ldr r2,.L2+8
  99 005a 6D4B     	 ldr r3,.L2+8
 100 005c 5B6B     	 ldr r3,[r3,#52]
 101 005e 43F46163 	 orr r3,r3,#3600
 102 0062 5363     	 str r3,[r2,#52]
  57:../driver_pwm.c **** 	CCU80_CC82->CR1S |= (uint32_t)(CCU8_CC8_CR1_CR1_VALUE);
 103              	 .loc 1 57 0
 104 0064 6A4A     	 ldr r2,.L2+8
 105 0066 6A4B     	 ldr r3,.L2+8
 106 0068 DB6B     	 ldr r3,[r3,#60]
 107 006a 43F4E163 	 orr r3,r3,#1800
 108 006e D363     	 str r3,[r2,#60]
  58:../driver_pwm.c **** 
  59:../driver_pwm.c **** 	/*
  60:../driver_pwm.c **** 	 *  Shadow transfer enable for CCU80_80/81/82    Request shadow transfer
  61:../driver_pwm.c **** 	 */
  62:../driver_pwm.c **** 	CCU80->GCSS |= (CCU8_GCSS_S0SE_MSK | CCU8_GCSS_S1SE_MSK | CCU8_GCSS_S2SE_MSK);
 109              	 .loc 1 62 0
 110 0070 684A     	 ldr r2,.L2+12
 111 0072 684B     	 ldr r3,.L2+12
 112 0074 1B69     	 ldr r3,[r3,#16]
 113 0076 43F48873 	 orr r3,r3,#272
 114 007a 43F00103 	 orr r3,r3,#1
 115 007e 1361     	 str r3,[r2,#16]
  63:../driver_pwm.c **** 
  64:../driver_pwm.c **** 	/*
  65:../driver_pwm.c **** 	 * Configure timers
  66:../driver_pwm.c **** 	 */
  67:../driver_pwm.c **** 	/*
  68:../driver_pwm.c **** 	 * Remove from IDLE 80-82
  69:../driver_pwm.c **** 	 */
  70:../driver_pwm.c **** 	CCU80->GIDLC |= (CCU8_GIDLC_CS0I_MSK | CCU8_GIDLC_CS1I_MSK | CCU8_GIDLC_CS2I_MSK);
 116              	 .loc 1 70 0
 117 0080 644A     	 ldr r2,.L2+12
 118 0082 644B     	 ldr r3,.L2+12
 119 0084 DB68     	 ldr r3,[r3,#12]
 120 0086 43F00703 	 orr r3,r3,#7
 121 008a D360     	 str r3,[r2,#12]
  71:../driver_pwm.c **** 
  72:../driver_pwm.c **** 	/*   Clear the timer run bit(TRBC) and timer (TCC) */
  73:../driver_pwm.c **** 	CCU80_CC80->TCCLR |= (uint32_t)(CCU8_CC8_TCCLR_TRBC_MSK);
 122              	 .loc 1 73 0
 123 008c 5E4A     	 ldr r2,.L2
 124 008e 5E4B     	 ldr r3,.L2
 125 0090 1B69     	 ldr r3,[r3,#16]
 126 0092 43F00103 	 orr r3,r3,#1
 127 0096 1361     	 str r3,[r2,#16]
  74:../driver_pwm.c **** 	CCU80_CC80->TCCLR |= (uint32_t)(CCU8_CC8_TCCLR_TCC_MSK);
 128              	 .loc 1 74 0
 129 0098 5B4A     	 ldr r2,.L2
 130 009a 5B4B     	 ldr r3,.L2
 131 009c 1B69     	 ldr r3,[r3,#16]
 132 009e 43F00203 	 orr r3,r3,#2
 133 00a2 1361     	 str r3,[r2,#16]
  75:../driver_pwm.c **** 
  76:../driver_pwm.c **** 	CCU80_CC81->TCCLR |= (uint32_t)(CCU8_CC8_TCCLR_TRBC_MSK);
 134              	 .loc 1 76 0
 135 00a4 594A     	 ldr r2,.L2+4
 136 00a6 594B     	 ldr r3,.L2+4
 137 00a8 1B69     	 ldr r3,[r3,#16]
 138 00aa 43F00103 	 orr r3,r3,#1
 139 00ae 1361     	 str r3,[r2,#16]
  77:../driver_pwm.c **** 	CCU80_CC81->TCCLR |= (uint32_t)(CCU8_CC8_TCCLR_TCC_MSK);
 140              	 .loc 1 77 0
 141 00b0 564A     	 ldr r2,.L2+4
 142 00b2 564B     	 ldr r3,.L2+4
 143 00b4 1B69     	 ldr r3,[r3,#16]
 144 00b6 43F00203 	 orr r3,r3,#2
 145 00ba 1361     	 str r3,[r2,#16]
  78:../driver_pwm.c **** 
  79:../driver_pwm.c **** 	CCU80_CC82->TCCLR |= (uint32_t)(CCU8_CC8_TCCLR_TRBC_MSK);
 146              	 .loc 1 79 0
 147 00bc 544A     	 ldr r2,.L2+8
 148 00be 544B     	 ldr r3,.L2+8
 149 00c0 1B69     	 ldr r3,[r3,#16]
 150 00c2 43F00103 	 orr r3,r3,#1
 151 00c6 1361     	 str r3,[r2,#16]
  80:../driver_pwm.c **** 	CCU80_CC82->TCCLR |= (uint32_t)(CCU8_CC8_TCCLR_TCC_MSK);
 152              	 .loc 1 80 0
 153 00c8 514A     	 ldr r2,.L2+8
 154 00ca 514B     	 ldr r3,.L2+8
 155 00cc 1B69     	 ldr r3,[r3,#16]
 156 00ce 43F00203 	 orr r3,r3,#2
 157 00d2 1361     	 str r3,[r2,#16]
  81:../driver_pwm.c **** 
  82:../driver_pwm.c **** 	/*
  83:../driver_pwm.c **** 	 * Deadband config - enable for channel 1 and ST1
  84:../driver_pwm.c **** 	 */
  85:../driver_pwm.c **** 	CCU80_CC80->DTC |= CCU8_CC8_DTC_DTE1_MSK | CCU8_CC8_DTC_DCEN1_MSK;
 158              	 .loc 1 85 0
 159 00d4 4C4A     	 ldr r2,.L2
 160 00d6 4C4B     	 ldr r3,.L2
 161 00d8 DB6C     	 ldr r3,[r3,#76]
 162 00da 43F00503 	 orr r3,r3,#5
 163 00de D364     	 str r3,[r2,#76]
  86:../driver_pwm.c **** 	CCU80_CC81->DTC |= CCU8_CC8_DTC_DTE1_MSK | CCU8_CC8_DTC_DCEN1_MSK;
 164              	 .loc 1 86 0
 165 00e0 4A4A     	 ldr r2,.L2+4
 166 00e2 4A4B     	 ldr r3,.L2+4
 167 00e4 DB6C     	 ldr r3,[r3,#76]
 168 00e6 43F00503 	 orr r3,r3,#5
 169 00ea D364     	 str r3,[r2,#76]
  87:../driver_pwm.c **** 	CCU80_CC82->DTC |= CCU8_CC8_DTC_DTE1_MSK | CCU8_CC8_DTC_DCEN1_MSK;
 170              	 .loc 1 87 0
 171 00ec 484A     	 ldr r2,.L2+8
 172 00ee 484B     	 ldr r3,.L2+8
 173 00f0 DB6C     	 ldr r3,[r3,#76]
 174 00f2 43F00503 	 orr r3,r3,#5
 175 00f6 D364     	 str r3,[r2,#76]
  88:../driver_pwm.c **** 
  89:../driver_pwm.c **** 	/*
  90:../driver_pwm.c **** 	 * Deadband value rising config - rising 50ns
  91:../driver_pwm.c **** 	 */
  92:../driver_pwm.c **** 	CCU80_CC80->DC1R |= CCU8_CC8_DC1R_Value << CCU8_CC8_DC1R_DT1R_POS;
 176              	 .loc 1 92 0
 177 00f8 434A     	 ldr r2,.L2
 178 00fa 434B     	 ldr r3,.L2
 179 00fc 1B6D     	 ldr r3,[r3,#80]
 180 00fe 43F00E03 	 orr r3,r3,#14
 181 0102 1365     	 str r3,[r2,#80]
  93:../driver_pwm.c **** 	CCU80_CC81->DC1R |= CCU8_CC8_DC1R_Value << CCU8_CC8_DC1R_DT1R_POS;
 182              	 .loc 1 93 0
 183 0104 414A     	 ldr r2,.L2+4
 184 0106 414B     	 ldr r3,.L2+4
 185 0108 1B6D     	 ldr r3,[r3,#80]
 186 010a 43F00E03 	 orr r3,r3,#14
 187 010e 1365     	 str r3,[r2,#80]
  94:../driver_pwm.c **** 	CCU80_CC82->DC1R |= CCU8_CC8_DC1R_Value << CCU8_CC8_DC1R_DT1R_POS;
 188              	 .loc 1 94 0
 189 0110 3F4A     	 ldr r2,.L2+8
 190 0112 3F4B     	 ldr r3,.L2+8
 191 0114 1B6D     	 ldr r3,[r3,#80]
 192 0116 43F00E03 	 orr r3,r3,#14
 193 011a 1365     	 str r3,[r2,#80]
  95:../driver_pwm.c **** 
  96:../driver_pwm.c **** 	/*
  97:../driver_pwm.c **** 	 * Input selector & matrix
  98:../driver_pwm.c **** 	 * Use IN_H for Event 0 on Rising edge
  99:../driver_pwm.c **** 	 * Set start on EVENT 0 on Rising edge
 100:../driver_pwm.c **** 	 * Set stop on Event 1 on Falling edge
 101:../driver_pwm.c **** 	 */
 102:../driver_pwm.c **** 	CCU80_CC80->INS |= CCU8_IN_H << CCU8_CC8_INS_EV0IS_POS; // Set Event 0(system control) as rising e
 194              	 .loc 1 102 0
 195 011c 3A4A     	 ldr r2,.L2
 196 011e 3A4B     	 ldr r3,.L2
 197 0120 1B68     	 ldr r3,[r3]
 198 0122 43F00703 	 orr r3,r3,#7
 199 0126 1360     	 str r3,[r2]
 103:../driver_pwm.c **** 	CCU80_CC80->INS |= RISING_EDGE << CCU8_CC8_INS_EV0EM_POS;
 200              	 .loc 1 103 0
 201 0128 374A     	 ldr r2,.L2
 202 012a 374B     	 ldr r3,.L2
 203 012c 1B68     	 ldr r3,[r3]
 204 012e 43F48033 	 orr r3,r3,#65536
 205 0132 1360     	 str r3,[r2]
 104:../driver_pwm.c **** 	CCU80_CC80->INS |= CCU8_IN_H << CCU8_CC8_INS_EV1IS_POS; // Set Event 1(system control) as falling 
 206              	 .loc 1 104 0
 207 0134 344A     	 ldr r2,.L2
 208 0136 344B     	 ldr r3,.L2
 209 0138 1B68     	 ldr r3,[r3]
 210 013a 43F07003 	 orr r3,r3,#112
 211 013e 1360     	 str r3,[r2]
 105:../driver_pwm.c **** 	CCU80_CC80->INS |= FALLING_EDGE << CCU8_CC8_INS_EV1EM_POS;
 212              	 .loc 1 105 0
 213 0140 314A     	 ldr r2,.L2
 214 0142 314B     	 ldr r3,.L2
 215 0144 1B68     	 ldr r3,[r3]
 216 0146 43F40023 	 orr r3,r3,#524288
 217 014a 1360     	 str r3,[r2]
 106:../driver_pwm.c **** 
 107:../driver_pwm.c **** 	CCU80_CC81->INS |= CCU8_IN_H << CCU8_CC8_INS_EV0IS_POS;
 218              	 .loc 1 107 0
 219 014c 2F4A     	 ldr r2,.L2+4
 220 014e 2F4B     	 ldr r3,.L2+4
 221 0150 1B68     	 ldr r3,[r3]
 222 0152 43F00703 	 orr r3,r3,#7
 223 0156 1360     	 str r3,[r2]
 108:../driver_pwm.c **** 	CCU80_CC81->INS |= RISING_EDGE << CCU8_CC8_INS_EV0EM_POS;
 224              	 .loc 1 108 0
 225 0158 2C4A     	 ldr r2,.L2+4
 226 015a 2C4B     	 ldr r3,.L2+4
 227 015c 1B68     	 ldr r3,[r3]
 228 015e 43F48033 	 orr r3,r3,#65536
 229 0162 1360     	 str r3,[r2]
 109:../driver_pwm.c **** 	CCU80_CC81->INS |= CCU8_IN_H << CCU8_CC8_INS_EV1IS_POS;
 230              	 .loc 1 109 0
 231 0164 294A     	 ldr r2,.L2+4
 232 0166 294B     	 ldr r3,.L2+4
 233 0168 1B68     	 ldr r3,[r3]
 234 016a 43F07003 	 orr r3,r3,#112
 235 016e 1360     	 str r3,[r2]
 110:../driver_pwm.c **** 	CCU80_CC81->INS |= FALLING_EDGE << CCU8_CC8_INS_EV1EM_POS;
 236              	 .loc 1 110 0
 237 0170 264A     	 ldr r2,.L2+4
 238 0172 264B     	 ldr r3,.L2+4
 239 0174 1B68     	 ldr r3,[r3]
 240 0176 43F40023 	 orr r3,r3,#524288
 241 017a 1360     	 str r3,[r2]
 111:../driver_pwm.c **** 
 112:../driver_pwm.c **** 	CCU80_CC82->INS |= CCU8_IN_H << CCU8_CC8_INS_EV0IS_POS;
 242              	 .loc 1 112 0
 243 017c 244A     	 ldr r2,.L2+8
 244 017e 244B     	 ldr r3,.L2+8
 245 0180 1B68     	 ldr r3,[r3]
 246 0182 43F00703 	 orr r3,r3,#7
 247 0186 1360     	 str r3,[r2]
 113:../driver_pwm.c **** 	CCU80_CC82->INS |= RISING_EDGE << CCU8_CC8_INS_EV0EM_POS;
 248              	 .loc 1 113 0
 249 0188 214A     	 ldr r2,.L2+8
 250 018a 214B     	 ldr r3,.L2+8
 251 018c 1B68     	 ldr r3,[r3]
 252 018e 43F48033 	 orr r3,r3,#65536
 253 0192 1360     	 str r3,[r2]
 114:../driver_pwm.c **** 	CCU80_CC82->INS |= CCU8_IN_H << CCU8_CC8_INS_EV1IS_POS;
 254              	 .loc 1 114 0
 255 0194 1E4A     	 ldr r2,.L2+8
 256 0196 1E4B     	 ldr r3,.L2+8
 257 0198 1B68     	 ldr r3,[r3]
 258 019a 43F07003 	 orr r3,r3,#112
 259 019e 1360     	 str r3,[r2]
 115:../driver_pwm.c **** 	CCU80_CC82->INS |= FALLING_EDGE << CCU8_CC8_INS_EV1EM_POS;
 260              	 .loc 1 115 0
 261 01a0 1B4A     	 ldr r2,.L2+8
 262 01a2 1B4B     	 ldr r3,.L2+8
 263 01a4 1B68     	 ldr r3,[r3]
 264 01a6 43F40023 	 orr r3,r3,#524288
 265 01aa 1360     	 str r3,[r2]
 116:../driver_pwm.c **** 
 117:../driver_pwm.c **** 	CCU80_CC80->CMC |= CCU8_CC8_CMC_STRTS_EV0_MSK << CCU8_CC8_CMC_STRTS_POS; // Set Event 0 for start
 266              	 .loc 1 117 0
 267 01ac 164A     	 ldr r2,.L2
 268 01ae 164B     	 ldr r3,.L2
 269 01b0 5B68     	 ldr r3,[r3,#4]
 270 01b2 43F00103 	 orr r3,r3,#1
 271 01b6 5360     	 str r3,[r2,#4]
 118:../driver_pwm.c **** 	CCU80_CC81->CMC |= CCU8_CC8_CMC_STRTS_EV0_MSK << CCU8_CC8_CMC_STRTS_POS;
 272              	 .loc 1 118 0
 273 01b8 144A     	 ldr r2,.L2+4
 274 01ba 144B     	 ldr r3,.L2+4
 275 01bc 5B68     	 ldr r3,[r3,#4]
 276 01be 43F00103 	 orr r3,r3,#1
 277 01c2 5360     	 str r3,[r2,#4]
 119:../driver_pwm.c **** 	CCU80_CC82->CMC |= CCU8_CC8_CMC_STRTS_EV0_MSK << CCU8_CC8_CMC_STRTS_POS;
 278              	 .loc 1 119 0
 279 01c4 124A     	 ldr r2,.L2+8
 280 01c6 124B     	 ldr r3,.L2+8
 281 01c8 5B68     	 ldr r3,[r3,#4]
 282 01ca 43F00103 	 orr r3,r3,#1
 283 01ce 5360     	 str r3,[r2,#4]
 120:../driver_pwm.c **** 
 121:../driver_pwm.c **** 	CCU80_CC80->CMC |= CCU8_CC8_CMC_ENDS_EV1_MSK << CCU8_CC8_CMC_ENDS_POS; // Set Event 1 for end
 284              	 .loc 1 121 0
 285 01d0 0D4A     	 ldr r2,.L2
 286 01d2 0D4B     	 ldr r3,.L2
 287 01d4 5B68     	 ldr r3,[r3,#4]
 288 01d6 43F00803 	 orr r3,r3,#8
 289 01da 5360     	 str r3,[r2,#4]
 122:../driver_pwm.c **** 	CCU80_CC81->CMC |= CCU8_CC8_CMC_ENDS_EV1_MSK << CCU8_CC8_CMC_ENDS_POS;
 290              	 .loc 1 122 0
 291 01dc 0B4A     	 ldr r2,.L2+4
 292 01de 0B4B     	 ldr r3,.L2+4
 293 01e0 5B68     	 ldr r3,[r3,#4]
 294 01e2 43F00803 	 orr r3,r3,#8
 295 01e6 5360     	 str r3,[r2,#4]
 123:../driver_pwm.c **** 	CCU80_CC82->CMC |= CCU8_CC8_CMC_ENDS_EV1_MSK << CCU8_CC8_CMC_ENDS_POS;
 296              	 .loc 1 123 0
 297 01e8 094A     	 ldr r2,.L2+8
 298 01ea 094B     	 ldr r3,.L2+8
 299 01ec 5B68     	 ldr r3,[r3,#4]
 300 01ee 43F00803 	 orr r3,r3,#8
 301 01f2 5360     	 str r3,[r2,#4]
 124:../driver_pwm.c **** 
 125:../driver_pwm.c **** 	/*
 126:../driver_pwm.c **** 	 * Enable CCUCON Module
 127:../driver_pwm.c **** 	 */
 128:../driver_pwm.c **** 	SCU_GENERAL->CCUCON |= SCU_GENERAL_CCUCON_GSC80_MSK;
 302              	 .loc 1 128 0
 303 01f4 084A     	 ldr r2,.L2+16
 304 01f6 084B     	 ldr r3,.L2+16
 305 01f8 DB6C     	 ldr r3,[r3,#76]
 306 01fa 43F48073 	 orr r3,r3,#256
 307 01fe D364     	 str r3,[r2,#76]
 129:../driver_pwm.c **** 	//	SCU_GENERAL->CCUCON &= ~SCU_GENERAL_CCUCON_GSC80_MSK; 		//Reset back to 0 if it needs to be re-
 130:../driver_pwm.c **** }
 308              	 .loc 1 130 0
 309 0200 BD46     	 mov sp,r7
 310              	.LCFI2:
 311              	 .cfi_def_cfa_register 13
 312              	 
 313 0202 5DF8047B 	 ldr r7,[sp],#4
 314              	.LCFI3:
 315              	 .cfi_restore 7
 316              	 .cfi_def_cfa_offset 0
 317 0206 7047     	 bx lr
 318              	.L3:
 319              	 .align 2
 320              	.L2:
 321 0208 00010240 	 .word 1073873152
 322 020c 00020240 	 .word 1073873408
 323 0210 00030240 	 .word 1073873664
 324 0214 00000240 	 .word 1073872896
 325 0218 00400050 	 .word 1342193664
 326              	 .cfi_endproc
 327              	.LFE196:
 329              	 .section .text.pwm_timer_start,"ax",%progbits
 330              	 .align 2
 331              	 .global pwm_timer_start
 332              	 .thumb
 333              	 .thumb_func
 335              	pwm_timer_start:
 336              	.LFB197:
 131:../driver_pwm.c **** /*
 132:../driver_pwm.c ****  * Sets CCUCON to 1 which enables the 0->1 transition (Rising Edge)
 133:../driver_pwm.c ****  */
 134:../driver_pwm.c **** void pwm_timer_start(void)
 135:../driver_pwm.c **** {
 337              	 .loc 1 135 0
 338              	 .cfi_startproc
 339              	 
 340              	 
 341              	 
 342 0000 80B4     	 push {r7}
 343              	.LCFI4:
 344              	 .cfi_def_cfa_offset 4
 345              	 .cfi_offset 7,-4
 346 0002 00AF     	 add r7,sp,#0
 347              	.LCFI5:
 348              	 .cfi_def_cfa_register 7
 136:../driver_pwm.c **** 	SCU_GENERAL->CCUCON |= SCU_GENERAL_CCUCON_GSC80_MSK;
 349              	 .loc 1 136 0
 350 0004 044A     	 ldr r2,.L5
 351 0006 044B     	 ldr r3,.L5
 352 0008 DB6C     	 ldr r3,[r3,#76]
 353 000a 43F48073 	 orr r3,r3,#256
 354 000e D364     	 str r3,[r2,#76]
 137:../driver_pwm.c **** }
 355              	 .loc 1 137 0
 356 0010 BD46     	 mov sp,r7
 357              	.LCFI6:
 358              	 .cfi_def_cfa_register 13
 359              	 
 360 0012 5DF8047B 	 ldr r7,[sp],#4
 361              	.LCFI7:
 362              	 .cfi_restore 7
 363              	 .cfi_def_cfa_offset 0
 364 0016 7047     	 bx lr
 365              	.L6:
 366              	 .align 2
 367              	.L5:
 368 0018 00400050 	 .word 1342193664
 369              	 .cfi_endproc
 370              	.LFE197:
 372              	 .section .text.pwm_timer_stop,"ax",%progbits
 373              	 .align 2
 374              	 .global pwm_timer_stop
 375              	 .thumb
 376              	 .thumb_func
 378              	pwm_timer_stop:
 379              	.LFB198:
 138:../driver_pwm.c **** /*
 139:../driver_pwm.c ****  * Sets CCUCON to 0 which enables the 1->0 transition (Falling Edge)
 140:../driver_pwm.c ****  */
 141:../driver_pwm.c **** void pwm_timer_stop(void)
 142:../driver_pwm.c **** {
 380              	 .loc 1 142 0
 381              	 .cfi_startproc
 382              	 
 383              	 
 384              	 
 385 0000 80B4     	 push {r7}
 386              	.LCFI8:
 387              	 .cfi_def_cfa_offset 4
 388              	 .cfi_offset 7,-4
 389 0002 00AF     	 add r7,sp,#0
 390              	.LCFI9:
 391              	 .cfi_def_cfa_register 7
 143:../driver_pwm.c **** 	SCU_GENERAL->CCUCON &= ~SCU_GENERAL_CCUCON_GSC80_MSK;
 392              	 .loc 1 143 0
 393 0004 044A     	 ldr r2,.L8
 394 0006 044B     	 ldr r3,.L8
 395 0008 DB6C     	 ldr r3,[r3,#76]
 396 000a 23F48073 	 bic r3,r3,#256
 397 000e D364     	 str r3,[r2,#76]
 144:../driver_pwm.c **** }
 398              	 .loc 1 144 0
 399 0010 BD46     	 mov sp,r7
 400              	.LCFI10:
 401              	 .cfi_def_cfa_register 13
 402              	 
 403 0012 5DF8047B 	 ldr r7,[sp],#4
 404              	.LCFI11:
 405              	 .cfi_restore 7
 406              	 .cfi_def_cfa_offset 0
 407 0016 7047     	 bx lr
 408              	.L9:
 409              	 .align 2
 410              	.L8:
 411 0018 00400050 	 .word 1342193664
 412              	 .cfi_endproc
 413              	.LFE198:
 415              	 .section .text.pwm_update,"ax",%progbits
 416              	 .align 2
 417              	 .global pwm_update
 418              	 .thumb
 419              	 .thumb_func
 421              	pwm_update:
 422              	.LFB199:
 145:../driver_pwm.c **** /*
 146:../driver_pwm.c ****  * Update compare values for PWM
 147:../driver_pwm.c ****  * Input type: int16_t
 148:../driver_pwm.c ****  */
 149:../driver_pwm.c **** void pwm_update(int16_t uaref, int16_t ubref, int16_t ucref)
 150:../driver_pwm.c **** {
 423              	 .loc 1 150 0
 424              	 .cfi_startproc
 425              	 
 426              	 
 427 0000 80B5     	 push {r7,lr}
 428              	.LCFI12:
 429              	 .cfi_def_cfa_offset 8
 430              	 .cfi_offset 7,-8
 431              	 .cfi_offset 14,-4
 432 0002 82B0     	 sub sp,sp,#8
 433              	.LCFI13:
 434              	 .cfi_def_cfa_offset 16
 435 0004 00AF     	 add r7,sp,#0
 436              	.LCFI14:
 437              	 .cfi_def_cfa_register 7
 438 0006 0346     	 mov r3,r0
 439 0008 FB80     	 strh r3,[r7,#6]
 440 000a 0B46     	 mov r3,r1
 441 000c BB80     	 strh r3,[r7,#4]
 442 000e 1346     	 mov r3,r2
 443 0010 7B80     	 strh r3,[r7,#2]
 151:../driver_pwm.c **** 	/*
 152:../driver_pwm.c **** 	 * Keeps the voltage values between max/min saturation
 153:../driver_pwm.c **** 	 * Resulted PWM shouldn't be 0 or MAX
 154:../driver_pwm.c **** 	 */
 155:../driver_pwm.c **** 	if (uaref > sat_pwm)
 444              	 .loc 1 155 0
 445 0012 504B     	 ldr r3,.L17
 446 0014 1B88     	 ldrh r3,[r3]
 447 0016 B7F90620 	 ldrsh r2,[r7,#6]
 448 001a 1BB2     	 sxth r3,r3
 449 001c 9A42     	 cmp r2,r3
 450 001e 03DD     	 ble .L11
 156:../driver_pwm.c **** 	{
 157:../driver_pwm.c **** 		uaref = sat_pwm;
 451              	 .loc 1 157 0
 452 0020 4C4B     	 ldr r3,.L17
 453 0022 1B88     	 ldrh r3,[r3]
 454 0024 FB80     	 strh r3,[r7,#6]
 455 0026 0DE0     	 b .L12
 456              	.L11:
 158:../driver_pwm.c **** 	}
 159:../driver_pwm.c **** 	else if (uaref < -sat_pwm)
 457              	 .loc 1 159 0
 458 0028 B7F90620 	 ldrsh r2,[r7,#6]
 459 002c 494B     	 ldr r3,.L17
 460 002e 1B88     	 ldrh r3,[r3]
 461 0030 1BB2     	 sxth r3,r3
 462 0032 5B42     	 negs r3,r3
 463 0034 9A42     	 cmp r2,r3
 464 0036 05DA     	 bge .L12
 160:../driver_pwm.c **** 	{
 161:../driver_pwm.c **** 		uaref = -sat_pwm;
 465              	 .loc 1 161 0
 466 0038 464B     	 ldr r3,.L17
 467 003a 1B88     	 ldrh r3,[r3]
 468 003c 9BB2     	 uxth r3,r3
 469 003e 5B42     	 negs r3,r3
 470 0040 9BB2     	 uxth r3,r3
 471 0042 FB80     	 strh r3,[r7,#6]
 472              	.L12:
 162:../driver_pwm.c **** 	}
 163:../driver_pwm.c **** 
 164:../driver_pwm.c **** 	if (ubref > sat_pwm)
 473              	 .loc 1 164 0
 474 0044 434B     	 ldr r3,.L17
 475 0046 1B88     	 ldrh r3,[r3]
 476 0048 B7F90420 	 ldrsh r2,[r7,#4]
 477 004c 1BB2     	 sxth r3,r3
 478 004e 9A42     	 cmp r2,r3
 479 0050 03DD     	 ble .L13
 165:../driver_pwm.c **** 	{
 166:../driver_pwm.c **** 		ubref = sat_pwm;
 480              	 .loc 1 166 0
 481 0052 404B     	 ldr r3,.L17
 482 0054 1B88     	 ldrh r3,[r3]
 483 0056 BB80     	 strh r3,[r7,#4]
 484 0058 0DE0     	 b .L14
 485              	.L13:
 167:../driver_pwm.c **** 	}
 168:../driver_pwm.c **** 	else if (ubref < -sat_pwm)
 486              	 .loc 1 168 0
 487 005a B7F90420 	 ldrsh r2,[r7,#4]
 488 005e 3D4B     	 ldr r3,.L17
 489 0060 1B88     	 ldrh r3,[r3]
 490 0062 1BB2     	 sxth r3,r3
 491 0064 5B42     	 negs r3,r3
 492 0066 9A42     	 cmp r2,r3
 493 0068 05DA     	 bge .L14
 169:../driver_pwm.c **** 	{
 170:../driver_pwm.c **** 		ubref = -sat_pwm;
 494              	 .loc 1 170 0
 495 006a 3A4B     	 ldr r3,.L17
 496 006c 1B88     	 ldrh r3,[r3]
 497 006e 9BB2     	 uxth r3,r3
 498 0070 5B42     	 negs r3,r3
 499 0072 9BB2     	 uxth r3,r3
 500 0074 BB80     	 strh r3,[r7,#4]
 501              	.L14:
 171:../driver_pwm.c **** 	}
 172:../driver_pwm.c **** 
 173:../driver_pwm.c **** 	if (ucref > sat_pwm)
 502              	 .loc 1 173 0
 503 0076 374B     	 ldr r3,.L17
 504 0078 1B88     	 ldrh r3,[r3]
 505 007a B7F90220 	 ldrsh r2,[r7,#2]
 506 007e 1BB2     	 sxth r3,r3
 507 0080 9A42     	 cmp r2,r3
 508 0082 03DD     	 ble .L15
 174:../driver_pwm.c **** 	{
 175:../driver_pwm.c **** 		ucref = sat_pwm;
 509              	 .loc 1 175 0
 510 0084 334B     	 ldr r3,.L17
 511 0086 1B88     	 ldrh r3,[r3]
 512 0088 7B80     	 strh r3,[r7,#2]
 513 008a 0DE0     	 b .L16
 514              	.L15:
 176:../driver_pwm.c **** 	}
 177:../driver_pwm.c **** 	else if (ucref < -sat_pwm)
 515              	 .loc 1 177 0
 516 008c B7F90220 	 ldrsh r2,[r7,#2]
 517 0090 304B     	 ldr r3,.L17
 518 0092 1B88     	 ldrh r3,[r3]
 519 0094 1BB2     	 sxth r3,r3
 520 0096 5B42     	 negs r3,r3
 521 0098 9A42     	 cmp r2,r3
 522 009a 05DA     	 bge .L16
 178:../driver_pwm.c **** 	{
 179:../driver_pwm.c **** 		ucref = -sat_pwm;
 523              	 .loc 1 179 0
 524 009c 2D4B     	 ldr r3,.L17
 525 009e 1B88     	 ldrh r3,[r3]
 526 00a0 9BB2     	 uxth r3,r3
 527 00a2 5B42     	 negs r3,r3
 528 00a4 9BB2     	 uxth r3,r3
 529 00a6 7B80     	 strh r3,[r7,#2]
 530              	.L16:
 180:../driver_pwm.c **** 	}
 181:../driver_pwm.c **** 
 182:../driver_pwm.c **** 	// New compare value
 183:../driver_pwm.c **** 	CCU80_CC80->CR1S = (pwm_value / 2 - pwm_value * uaref / 65535);
 531              	 .loc 1 183 0
 532 00a8 2B48     	 ldr r0,.L17+4
 533 00aa 2C4B     	 ldr r3,.L17+8
 534 00ac 1B88     	 ldrh r3,[r3]
 535 00ae 1BB2     	 sxth r3,r3
 536 00b0 DA0F     	 lsrs r2,r3,#31
 537 00b2 1344     	 add r3,r3,r2
 538 00b4 5B10     	 asrs r3,r3,#1
 539 00b6 9BB2     	 uxth r3,r3
 540 00b8 1AB2     	 sxth r2,r3
 541 00ba 284B     	 ldr r3,.L17+8
 542 00bc 1B88     	 ldrh r3,[r3]
 543 00be 1BB2     	 sxth r3,r3
 544 00c0 B7F90610 	 ldrsh r1,[r7,#6]
 545 00c4 01FB03F3 	 mul r3,r1,r3
 546 00c8 2549     	 ldr r1,.L17+12
 547 00ca 81FB03E1 	 smull lr,r1,r1,r3
 548 00ce 1944     	 add r1,r1,r3
 549 00d0 C913     	 asrs r1,r1,#15
 550 00d2 DB17     	 asrs r3,r3,#31
 551 00d4 CB1A     	 subs r3,r1,r3
 552 00d6 D31A     	 subs r3,r2,r3
 553 00d8 C363     	 str r3,[r0,#60]
 184:../driver_pwm.c **** 	CCU80_CC81->CR1S = (pwm_value / 2 - pwm_value * ubref / 65535);
 554              	 .loc 1 184 0
 555 00da 2248     	 ldr r0,.L17+16
 556 00dc 1F4B     	 ldr r3,.L17+8
 557 00de 1B88     	 ldrh r3,[r3]
 558 00e0 1BB2     	 sxth r3,r3
 559 00e2 DA0F     	 lsrs r2,r3,#31
 560 00e4 1344     	 add r3,r3,r2
 561 00e6 5B10     	 asrs r3,r3,#1
 562 00e8 9BB2     	 uxth r3,r3
 563 00ea 1AB2     	 sxth r2,r3
 564 00ec 1B4B     	 ldr r3,.L17+8
 565 00ee 1B88     	 ldrh r3,[r3]
 566 00f0 1BB2     	 sxth r3,r3
 567 00f2 B7F90410 	 ldrsh r1,[r7,#4]
 568 00f6 01FB03F3 	 mul r3,r1,r3
 569 00fa 1949     	 ldr r1,.L17+12
 570 00fc 81FB03E1 	 smull lr,r1,r1,r3
 571 0100 1944     	 add r1,r1,r3
 572 0102 C913     	 asrs r1,r1,#15
 573 0104 DB17     	 asrs r3,r3,#31
 574 0106 CB1A     	 subs r3,r1,r3
 575 0108 D31A     	 subs r3,r2,r3
 576 010a C363     	 str r3,[r0,#60]
 185:../driver_pwm.c **** 	CCU80_CC82->CR1S = (pwm_value / 2 - pwm_value * ucref / 65535);
 577              	 .loc 1 185 0
 578 010c 1648     	 ldr r0,.L17+20
 579 010e 134B     	 ldr r3,.L17+8
 580 0110 1B88     	 ldrh r3,[r3]
 581 0112 1BB2     	 sxth r3,r3
 582 0114 DA0F     	 lsrs r2,r3,#31
 583 0116 1344     	 add r3,r3,r2
 584 0118 5B10     	 asrs r3,r3,#1
 585 011a 9BB2     	 uxth r3,r3
 586 011c 1AB2     	 sxth r2,r3
 587 011e 0F4B     	 ldr r3,.L17+8
 588 0120 1B88     	 ldrh r3,[r3]
 589 0122 1BB2     	 sxth r3,r3
 590 0124 B7F90210 	 ldrsh r1,[r7,#2]
 591 0128 01FB03F3 	 mul r3,r1,r3
 592 012c 0C49     	 ldr r1,.L17+12
 593 012e 81FB03E1 	 smull lr,r1,r1,r3
 594 0132 1944     	 add r1,r1,r3
 595 0134 C913     	 asrs r1,r1,#15
 596 0136 DB17     	 asrs r3,r3,#31
 597 0138 CB1A     	 subs r3,r1,r3
 598 013a D31A     	 subs r3,r2,r3
 599 013c C363     	 str r3,[r0,#60]
 186:../driver_pwm.c **** 
 187:../driver_pwm.c **** 	// Shadow transfer enabled for new compare value
 188:../driver_pwm.c **** 	CCU80->GCSS |= (CCU8_GCSS_S0SE_MSK | CCU8_GCSS_S1SE_MSK | CCU8_GCSS_S2SE_MSK);
 600              	 .loc 1 188 0
 601 013e 0B4A     	 ldr r2,.L17+24
 602 0140 0A4B     	 ldr r3,.L17+24
 603 0142 1B69     	 ldr r3,[r3,#16]
 604 0144 43F48873 	 orr r3,r3,#272
 605 0148 43F00103 	 orr r3,r3,#1
 606 014c 1361     	 str r3,[r2,#16]
 189:../driver_pwm.c **** }
 607              	 .loc 1 189 0
 608 014e 0837     	 adds r7,r7,#8
 609              	.LCFI15:
 610              	 .cfi_def_cfa_offset 8
 611 0150 BD46     	 mov sp,r7
 612              	.LCFI16:
 613              	 .cfi_def_cfa_register 13
 614              	 
 615 0152 80BD     	 pop {r7,pc}
 616              	.L18:
 617              	 .align 2
 618              	.L17:
 619 0154 00000000 	 .word sat_pwm
 620 0158 00010240 	 .word 1073873152
 621 015c 00000000 	 .word pwm_value
 622 0160 01800080 	 .word -2147450879
 623 0164 00020240 	 .word 1073873408
 624 0168 00030240 	 .word 1073873664
 625 016c 00000240 	 .word 1073872896
 626              	 .cfi_endproc
 627              	.LFE199:
 629              	 .section .text.motion_on,"ax",%progbits
 630              	 .align 2
 631              	 .global motion_on
 632              	 .thumb
 633              	 .thumb_func
 635              	motion_on:
 636              	.LFB200:
 190:../driver_pwm.c **** /*
 191:../driver_pwm.c **** 	Enable all PWM pins
 192:../driver_pwm.c **** */
 193:../driver_pwm.c **** void motion_on(void)
 194:../driver_pwm.c **** {
 637              	 .loc 1 194 0
 638              	 .cfi_startproc
 639              	 
 640              	 
 641              	 
 642 0000 80B4     	 push {r7}
 643              	.LCFI17:
 644              	 .cfi_def_cfa_offset 4
 645              	 .cfi_offset 7,-4
 646 0002 00AF     	 add r7,sp,#0
 647              	.LCFI18:
 648              	 .cfi_def_cfa_register 7
 195:../driver_pwm.c **** 	/*
 196:../driver_pwm.c **** 	 * PWM pins configuration CCU80 - as alter function 3 - CCU80 OUTxy
 197:../driver_pwm.c **** 	 */
 198:../driver_pwm.c **** 	PORT5->IOCR8 |= (GPIO_OUTPUT_ALTER_3 << PORT5_PC11_POS); // A_HIGH 	- P5.11 - OUT00
 649              	 .loc 1 198 0
 650 0004 134A     	 ldr r2,.L20
 651 0006 134B     	 ldr r3,.L20
 652 0008 9B69     	 ldr r3,[r3,#24]
 653 000a 43F01843 	 orr r3,r3,#-1744830464
 654 000e 9361     	 str r3,[r2,#24]
 199:../driver_pwm.c **** 	PORT5->IOCR8 |= (GPIO_OUTPUT_ALTER_3 << PORT5_PC8_POS);	 // A_LOW 	- P5.8  - OUT01
 655              	 .loc 1 199 0
 656 0010 104A     	 ldr r2,.L20
 657 0012 104B     	 ldr r3,.L20
 658 0014 9B69     	 ldr r3,[r3,#24]
 659 0016 43F09803 	 orr r3,r3,#152
 660 001a 9361     	 str r3,[r2,#24]
 200:../driver_pwm.c **** 
 201:../driver_pwm.c **** 	PORT0->IOCR4 |= (GPIO_OUTPUT_ALTER_3 << PORT0_IOCR4_PC4_Pos); // B_HIGH 	- P5.10 - OUT10 P0.4 alte
 661              	 .loc 1 201 0
 662 001c 0E4A     	 ldr r2,.L20+4
 663 001e 0E4B     	 ldr r3,.L20+4
 664 0020 5B69     	 ldr r3,[r3,#20]
 665 0022 43F09803 	 orr r3,r3,#152
 666 0026 5361     	 str r3,[r2,#20]
 202:../driver_pwm.c **** 	PORT2->IOCR12 |= (GPIO_OUTPUT_ALTER_3 << PORT2_PC15_POS);	  // B_LOW 	- P2.15 - OUT11
 667              	 .loc 1 202 0
 668 0028 0C4A     	 ldr r2,.L20+8
 669 002a 0C4B     	 ldr r3,.L20+8
 670 002c DB69     	 ldr r3,[r3,#28]
 671 002e 43F01843 	 orr r3,r3,#-1744830464
 672 0032 D361     	 str r3,[r2,#28]
 203:../driver_pwm.c **** 
 204:../driver_pwm.c **** 	PORT5->IOCR8 |= (GPIO_OUTPUT_ALTER_3 << PORT5_PC9_POS);	  // C_HIGH 	- P5.9	- OUT20
 673              	 .loc 1 204 0
 674 0034 074A     	 ldr r2,.L20
 675 0036 074B     	 ldr r3,.L20
 676 0038 9B69     	 ldr r3,[r3,#24]
 677 003a 43F41843 	 orr r3,r3,#38912
 678 003e 9361     	 str r3,[r2,#24]
 205:../driver_pwm.c **** 	PORT2->IOCR12 |= (GPIO_OUTPUT_ALTER_3 << PORT2_PC14_POS); // C_LOW 	- P2.14	- OUT21
 679              	 .loc 1 205 0
 680 0040 064A     	 ldr r2,.L20+8
 681 0042 064B     	 ldr r3,.L20+8
 682 0044 DB69     	 ldr r3,[r3,#28]
 683 0046 43F41803 	 orr r3,r3,#9961472
 684 004a D361     	 str r3,[r2,#28]
 206:../driver_pwm.c **** }
 685              	 .loc 1 206 0
 686 004c BD46     	 mov sp,r7
 687              	.LCFI19:
 688              	 .cfi_def_cfa_register 13
 689              	 
 690 004e 5DF8047B 	 ldr r7,[sp],#4
 691              	.LCFI20:
 692              	 .cfi_restore 7
 693              	 .cfi_def_cfa_offset 0
 694 0052 7047     	 bx lr
 695              	.L21:
 696              	 .align 2
 697              	.L20:
 698 0054 00850248 	 .word 1208124672
 699 0058 00800248 	 .word 1208123392
 700 005c 00820248 	 .word 1208123904
 701              	 .cfi_endproc
 702              	.LFE200:
 704              	 .section .text.motion_off,"ax",%progbits
 705              	 .align 2
 706              	 .global motion_off
 707              	 .thumb
 708              	 .thumb_func
 710              	motion_off:
 711              	.LFB201:
 207:../driver_pwm.c **** 
 208:../driver_pwm.c **** /*
 209:../driver_pwm.c **** 	Disable all PWM pins
 210:../driver_pwm.c **** */
 211:../driver_pwm.c **** void motion_off(void)
 212:../driver_pwm.c **** {
 712              	 .loc 1 212 0
 713              	 .cfi_startproc
 714              	 
 715              	 
 716              	 
 717 0000 80B4     	 push {r7}
 718              	.LCFI21:
 719              	 .cfi_def_cfa_offset 4
 720              	 .cfi_offset 7,-4
 721 0002 00AF     	 add r7,sp,#0
 722              	.LCFI22:
 723              	 .cfi_def_cfa_register 7
 213:../driver_pwm.c **** 	/*
 214:../driver_pwm.c **** 	 * PWM pins configuration CCU80 - OFF
 215:../driver_pwm.c **** 	 */
 216:../driver_pwm.c **** 	PORT5->IOCR8 &= ~(DISABLE_OUTPUT << PORT5_PC11_POS); // A_HIGH 	- P5.11 - OUT00
 724              	 .loc 1 216 0
 725 0004 134A     	 ldr r2,.L23
 726 0006 134B     	 ldr r3,.L23
 727 0008 9B69     	 ldr r3,[r3,#24]
 728 000a 23F07843 	 bic r3,r3,#-134217728
 729 000e 9361     	 str r3,[r2,#24]
 217:../driver_pwm.c **** 	PORT5->IOCR8 &= ~(DISABLE_OUTPUT << PORT5_PC8_POS);	 // A_LOW 	- P5.8  - OUT01
 730              	 .loc 1 217 0
 731 0010 104A     	 ldr r2,.L23
 732 0012 104B     	 ldr r3,.L23
 733 0014 9B69     	 ldr r3,[r3,#24]
 734 0016 23F0F803 	 bic r3,r3,#248
 735 001a 9361     	 str r3,[r2,#24]
 218:../driver_pwm.c **** 
 219:../driver_pwm.c **** 	PORT0->IOCR4 &= ~(DISABLE_OUTPUT << PORT0_IOCR4_PC4_Pos); // B_HIGH 	- P5.10 - OUT10 P0.4 alternat
 736              	 .loc 1 219 0
 737 001c 0E4A     	 ldr r2,.L23+4
 738 001e 0E4B     	 ldr r3,.L23+4
 739 0020 5B69     	 ldr r3,[r3,#20]
 740 0022 23F0F803 	 bic r3,r3,#248
 741 0026 5361     	 str r3,[r2,#20]
 220:../driver_pwm.c **** 	PORT2->IOCR12 &= ~(DISABLE_OUTPUT << PORT2_PC15_POS);	  // B_LOW 	- P2.15 - OUT11
 742              	 .loc 1 220 0
 743 0028 0C4A     	 ldr r2,.L23+8
 744 002a 0C4B     	 ldr r3,.L23+8
 745 002c DB69     	 ldr r3,[r3,#28]
 746 002e 23F07843 	 bic r3,r3,#-134217728
 747 0032 D361     	 str r3,[r2,#28]
 221:../driver_pwm.c **** 
 222:../driver_pwm.c **** 	PORT5->IOCR8 &= ~(DISABLE_OUTPUT << PORT5_PC9_POS);	  // C_HIGH 	- P5.9	- OUT20
 748              	 .loc 1 222 0
 749 0034 074A     	 ldr r2,.L23
 750 0036 074B     	 ldr r3,.L23
 751 0038 9B69     	 ldr r3,[r3,#24]
 752 003a 23F47843 	 bic r3,r3,#63488
 753 003e 9361     	 str r3,[r2,#24]
 223:../driver_pwm.c **** 	PORT2->IOCR12 &= ~(DISABLE_OUTPUT << PORT2_PC14_POS); // C_LOW 	- P2.14	- OUT21
 754              	 .loc 1 223 0
 755 0040 064A     	 ldr r2,.L23+8
 756 0042 064B     	 ldr r3,.L23+8
 757 0044 DB69     	 ldr r3,[r3,#28]
 758 0046 23F47803 	 bic r3,r3,#16252928
 759 004a D361     	 str r3,[r2,#28]
 224:../driver_pwm.c **** }
 760              	 .loc 1 224 0
 761 004c BD46     	 mov sp,r7
 762              	.LCFI23:
 763              	 .cfi_def_cfa_register 13
 764              	 
 765 004e 5DF8047B 	 ldr r7,[sp],#4
 766              	.LCFI24:
 767              	 .cfi_restore 7
 768              	 .cfi_def_cfa_offset 0
 769 0052 7047     	 bx lr
 770              	.L24:
 771              	 .align 2
 772              	.L23:
 773 0054 00850248 	 .word 1208124672
 774 0058 00800248 	 .word 1208123392
 775 005c 00820248 	 .word 1208123904
 776              	 .cfi_endproc
 777              	.LFE201:
 779              	 .text
 780              	.Letext0:
 781              	 .file 2 "c:\\dave-ide-4.4.2-64bit\\eclipse\\arm-gcc-49\\arm-none-eabi\\include\\machine\\_default_types.h"
 782              	 .file 3 "c:\\dave-ide-4.4.2-64bit\\eclipse\\arm-gcc-49\\arm-none-eabi\\include\\stdint.h"
 783              	 .file 4 "C:/GitHub/Stepper_drive/Libraries/CMSIS/Infineon/XMC4800_series/Include/XMC4800.h"
 784              	 .file 5 "C:/GitHub/Stepper_drive/Libraries/CMSIS/Include/core_cm4.h"
 785              	 .file 6 "../main.h"
DEFINED SYMBOLS
                            *ABS*:00000000 driver_pwm.c
                            *COM*:00000004 CCU8_CC8_CR1_CR1_Value
    {standard input}:25     .data.pwm_value:00000000 pwm_value
    {standard input}:22     .data.pwm_value:00000000 $d
    {standard input}:32     .data.sat_pwm:00000000 sat_pwm
    {standard input}:29     .data.sat_pwm:00000000 $d
    {standard input}:35     .text.pwm_init:00000000 $t
    {standard input}:40     .text.pwm_init:00000000 pwm_init
    {standard input}:321    .text.pwm_init:00000208 $d
    {standard input}:330    .text.pwm_timer_start:00000000 $t
    {standard input}:335    .text.pwm_timer_start:00000000 pwm_timer_start
    {standard input}:368    .text.pwm_timer_start:00000018 $d
    {standard input}:373    .text.pwm_timer_stop:00000000 $t
    {standard input}:378    .text.pwm_timer_stop:00000000 pwm_timer_stop
    {standard input}:411    .text.pwm_timer_stop:00000018 $d
    {standard input}:416    .text.pwm_update:00000000 $t
    {standard input}:421    .text.pwm_update:00000000 pwm_update
    {standard input}:619    .text.pwm_update:00000154 $d
    {standard input}:630    .text.motion_on:00000000 $t
    {standard input}:635    .text.motion_on:00000000 motion_on
    {standard input}:698    .text.motion_on:00000054 $d
    {standard input}:705    .text.motion_off:00000000 $t
    {standard input}:710    .text.motion_off:00000000 motion_off
    {standard input}:773    .text.motion_off:00000054 $d
                     .debug_frame:00000010 $d

NO UNDEFINED SYMBOLS
