Archive member included because of file (symbol)

c:/dave-ide-4.4.2-64bit/eclipse/arm-gcc-49/bin/../lib/gcc/arm-none-eabi/4.9.3/../../../../arm-none-eabi/lib/armv7e-m/softfp\libm.a(lib_a-wf_sincos.o)
                              ./transform.o (sincosf)
c:/dave-ide-4.4.2-64bit/eclipse/arm-gcc-49/bin/../lib/gcc/arm-none-eabi/4.9.3/../../../../arm-none-eabi/lib/armv7e-m/softfp\libm.a(lib_a-sf_cos.o)
                              c:/dave-ide-4.4.2-64bit/eclipse/arm-gcc-49/bin/../lib/gcc/arm-none-eabi/4.9.3/../../../../arm-none-eabi/lib/armv7e-m/softfp\libm.a(lib_a-wf_sincos.o) (cosf)
c:/dave-ide-4.4.2-64bit/eclipse/arm-gcc-49/bin/../lib/gcc/arm-none-eabi/4.9.3/../../../../arm-none-eabi/lib/armv7e-m/softfp\libm.a(lib_a-sf_sin.o)
                              c:/dave-ide-4.4.2-64bit/eclipse/arm-gcc-49/bin/../lib/gcc/arm-none-eabi/4.9.3/../../../../arm-none-eabi/lib/armv7e-m/softfp\libm.a(lib_a-wf_sincos.o) (sinf)
c:/dave-ide-4.4.2-64bit/eclipse/arm-gcc-49/bin/../lib/gcc/arm-none-eabi/4.9.3/../../../../arm-none-eabi/lib/armv7e-m/softfp\libm.a(lib_a-ef_rem_pio2.o)
                              c:/dave-ide-4.4.2-64bit/eclipse/arm-gcc-49/bin/../lib/gcc/arm-none-eabi/4.9.3/../../../../arm-none-eabi/lib/armv7e-m/softfp\libm.a(lib_a-sf_cos.o) (__ieee754_rem_pio2f)
c:/dave-ide-4.4.2-64bit/eclipse/arm-gcc-49/bin/../lib/gcc/arm-none-eabi/4.9.3/../../../../arm-none-eabi/lib/armv7e-m/softfp\libm.a(lib_a-kf_cos.o)
                              c:/dave-ide-4.4.2-64bit/eclipse/arm-gcc-49/bin/../lib/gcc/arm-none-eabi/4.9.3/../../../../arm-none-eabi/lib/armv7e-m/softfp\libm.a(lib_a-sf_cos.o) (__kernel_cosf)
c:/dave-ide-4.4.2-64bit/eclipse/arm-gcc-49/bin/../lib/gcc/arm-none-eabi/4.9.3/../../../../arm-none-eabi/lib/armv7e-m/softfp\libm.a(lib_a-kf_rem_pio2.o)
                              c:/dave-ide-4.4.2-64bit/eclipse/arm-gcc-49/bin/../lib/gcc/arm-none-eabi/4.9.3/../../../../arm-none-eabi/lib/armv7e-m/softfp\libm.a(lib_a-ef_rem_pio2.o) (__kernel_rem_pio2f)
c:/dave-ide-4.4.2-64bit/eclipse/arm-gcc-49/bin/../lib/gcc/arm-none-eabi/4.9.3/../../../../arm-none-eabi/lib/armv7e-m/softfp\libm.a(lib_a-kf_sin.o)
                              c:/dave-ide-4.4.2-64bit/eclipse/arm-gcc-49/bin/../lib/gcc/arm-none-eabi/4.9.3/../../../../arm-none-eabi/lib/armv7e-m/softfp\libm.a(lib_a-sf_cos.o) (__kernel_sinf)
c:/dave-ide-4.4.2-64bit/eclipse/arm-gcc-49/bin/../lib/gcc/arm-none-eabi/4.9.3/../../../../arm-none-eabi/lib/armv7e-m/softfp\libm.a(lib_a-sf_fabs.o)
                              c:/dave-ide-4.4.2-64bit/eclipse/arm-gcc-49/bin/../lib/gcc/arm-none-eabi/4.9.3/../../../../arm-none-eabi/lib/armv7e-m/softfp\libm.a(lib_a-ef_rem_pio2.o) (fabsf)
c:/dave-ide-4.4.2-64bit/eclipse/arm-gcc-49/bin/../lib/gcc/arm-none-eabi/4.9.3/../../../../arm-none-eabi/lib/armv7e-m/softfp\libm.a(lib_a-sf_floor.o)
                              c:/dave-ide-4.4.2-64bit/eclipse/arm-gcc-49/bin/../lib/gcc/arm-none-eabi/4.9.3/../../../../arm-none-eabi/lib/armv7e-m/softfp\libm.a(lib_a-kf_rem_pio2.o) (floorf)
c:/dave-ide-4.4.2-64bit/eclipse/arm-gcc-49/bin/../lib/gcc/arm-none-eabi/4.9.3/../../../../arm-none-eabi/lib/armv7e-m/softfp\libm.a(lib_a-sf_scalbn.o)
                              c:/dave-ide-4.4.2-64bit/eclipse/arm-gcc-49/bin/../lib/gcc/arm-none-eabi/4.9.3/../../../../arm-none-eabi/lib/armv7e-m/softfp\libm.a(lib_a-kf_rem_pio2.o) (scalbnf)
c:/dave-ide-4.4.2-64bit/eclipse/arm-gcc-49/bin/../lib/gcc/arm-none-eabi/4.9.3/../../../../arm-none-eabi/lib/armv7e-m/softfp\libm.a(lib_a-sf_copysign.o)
                              c:/dave-ide-4.4.2-64bit/eclipse/arm-gcc-49/bin/../lib/gcc/arm-none-eabi/4.9.3/../../../../arm-none-eabi/lib/armv7e-m/softfp\libm.a(lib_a-sf_scalbn.o) (copysignf)
c:/dave-ide-4.4.2-64bit/eclipse/arm-gcc-49/bin/../lib/gcc/arm-none-eabi/4.9.3/armv7e-m/softfp\libgcc.a(_arm_addsubdf3.o)
                              ./driver_adc.o (__aeabi_dsub)
c:/dave-ide-4.4.2-64bit/eclipse/arm-gcc-49/bin/../lib/gcc/arm-none-eabi/4.9.3/armv7e-m/softfp\libgcc.a(_arm_muldivdf3.o)
                              ./driver_adc.o (__aeabi_dmul)
c:/dave-ide-4.4.2-64bit/eclipse/arm-gcc-49/bin/../lib/gcc/arm-none-eabi/4.9.3/armv7e-m/softfp\libgcc.a(_arm_truncdfsf2.o)
                              ./driver_adc.o (__aeabi_d2f)
c:/dave-ide-4.4.2-64bit/eclipse/arm-gcc-49/bin/../lib/gcc/arm-none-eabi/4.9.3/../../../../arm-none-eabi/lib/armv7e-m/softfp\libg.a(lib_a-errno.o)
                              ./Libraries/Newlib/syscalls.o (__errno)
c:/dave-ide-4.4.2-64bit/eclipse/arm-gcc-49/bin/../lib/gcc/arm-none-eabi/4.9.3/../../../../arm-none-eabi/lib/armv7e-m/softfp\libg.a(lib_a-impure.o)
                              c:/dave-ide-4.4.2-64bit/eclipse/arm-gcc-49/bin/../lib/gcc/arm-none-eabi/4.9.3/../../../../arm-none-eabi/lib/armv7e-m/softfp\libg.a(lib_a-errno.o) (_impure_ptr)
c:/dave-ide-4.4.2-64bit/eclipse/arm-gcc-49/bin/../lib/gcc/arm-none-eabi/4.9.3/../../../../arm-none-eabi/lib/armv7e-m/softfp\libg.a(lib_a-init.o)
                              ./Startup/startup_XMC4800.o (__libc_init_array)
[...]
Memory Configuration

Name             Origin             Length             Attributes
FLASH_1_cached   0x08000000         0x00200000         xr
FLASH_1_uncached 0x0c000000         0x00200000         xr
PSRAM_1          0x1ffe8000         0x00018000         !xr
DSRAM_1_system   0x20000000         0x00020000         !xr
DSRAM_2_comm     0x20020000         0x00020000         !xr
SRAM_combined    0x1ffe8000         0x00058000         !xr
*default*        0x00000000         0xffffffff

Linker script and memory map

LOAD ./Startup/startup_XMC4800.o
LOAD ./Startup/system_XMC4800.o
LOAD ./Libraries/XMCLib/src/xmc4_eru.o
LOAD ./Libraries/XMCLib/src/xmc4_flash.o
LOAD ./Libraries/XMCLib/src/xmc4_gpio.o
LOAD ./Libraries/XMCLib/src/xmc4_rtc.o
LOAD ./Libraries/XMCLib/src/xmc4_scu.o
LOAD ./Libraries/XMCLib/src/xmc_can.o
LOAD ./Libraries/XMCLib/src/xmc_ccu4.o
LOAD ./Libraries/XMCLib/src/xmc_ccu8.o
LOAD ./Libraries/XMCLib/src/xmc_common.o
LOAD ./Libraries/XMCLib/src/xmc_dac.o
LOAD ./Libraries/XMCLib/src/xmc_dma.o
LOAD ./Libraries/XMCLib/src/xmc_dsd.o
LOAD ./Libraries/XMCLib/src/xmc_ebu.o
LOAD ./Libraries/XMCLib/src/xmc_ecat.o
LOAD ./Libraries/XMCLib/src/xmc_eru.o
LOAD ./Libraries/XMCLib/src/xmc_eth_mac.o
LOAD ./Libraries/XMCLib/src/xmc_eth_phy_dp83848.o
LOAD ./Libraries/XMCLib/src/xmc_eth_phy_ksz8031rnl.o
LOAD ./Libraries/XMCLib/src/xmc_eth_phy_ksz8081rnb.o
LOAD ./Libraries/XMCLib/src/xmc_fce.o
LOAD ./Libraries/XMCLib/src/xmc_gpio.o
LOAD ./Libraries/XMCLib/src/xmc_hrpwm.o
LOAD ./Libraries/XMCLib/src/xmc_i2c.o
LOAD ./Libraries/XMCLib/src/xmc_i2s.o
LOAD ./Libraries/XMCLib/src/xmc_ledts.o
LOAD ./Libraries/XMCLib/src/xmc_posif.o
LOAD ./Libraries/XMCLib/src/xmc_rtc.o
LOAD ./Libraries/XMCLib/src/xmc_sdmmc.o
LOAD ./Libraries/XMCLib/src/xmc_spi.o
LOAD ./Libraries/XMCLib/src/xmc_uart.o
LOAD ./Libraries/XMCLib/src/xmc_usbd.o
LOAD ./Libraries/XMCLib/src/xmc_usbh.o
LOAD ./Libraries/XMCLib/src/xmc_usic.o
LOAD ./Libraries/XMCLib/src/xmc_vadc.o
LOAD ./Libraries/XMCLib/src/xmc_wdt.o
LOAD ./Libraries/Newlib/syscalls.o
LOAD ./Encoder.o
LOAD ./current_protection.o
LOAD ./driver_adc.o
LOAD ./driver_pwm.o
LOAD ./io.o
LOAD ./kernel_interrupt.o
LOAD ./logger.o
LOAD ./main.o
LOAD ./motor_data_update.o
LOAD ./pi_regulator.o
LOAD ./probe_scope.o
LOAD ./reference_generator.o
LOAD ./state_machine.o
LOAD ./timer.o
LOAD ./transform.o
LOAD c:/dave-ide-4.4.2-64bit/eclipse/arm-gcc-49/bin/../lib/gcc/arm-none-eabi/4.9.3/../../../../arm-none-eabi/lib/armv7e-m/softfp\libm.a
START GROUP
LOAD c:/dave-ide-4.4.2-64bit/eclipse/arm-gcc-49/bin/../lib/gcc/arm-none-eabi/4.9.3/armv7e-m/softfp\libgcc.a
LOAD c:/dave-ide-4.4.2-64bit/eclipse/arm-gcc-49/bin/../lib/gcc/arm-none-eabi/4.9.3/../../../../arm-none-eabi/lib/armv7e-m/softfp\libg.a
LOAD c:/dave-ide-4.4.2-64bit/eclipse/arm-gcc-49/bin/../lib/gcc/arm-none-eabi/4.9.3/../../../../arm-none-eabi/lib/armv7e-m/softfp\libc.a
END GROUP
                0x00000800                stack_size = DEFINED (stack_size)?stack_size:0x800
                0x00000040                no_init_size = 0x40

.text           0x08000000     0x510c load address 0x0c000000
                0x08000000                sText = .
 *(.reset)
 .reset         0x08000000      0x29c ./Startup/startup_XMC4800.o
                0x08000000                __Vectors
                0x08000200                Reset_Handler
                0x08000298                DSD0_7_IRQHandler
                0x08000298                DebugMon_Handler
                0x08000298                VADC0_C0_0_IRQHandler
                0x08000298                CAN0_4_IRQHandler
                0x08000298                VADC0_G2_0_IRQHandler
                0x08000298                USIC0_5_IRQHandler
                0x08000298                POSIF0_0_IRQHandler
                0x08000298                POSIF1_0_IRQHandler
                0x08000298                HardFault_Handler
                0x08000298                VADC0_G1_1_IRQHandler
                0x08000298                SysTick_Handler
                0x08000298                PendSV_Handler
                0x08000298                NMI_Handler
                0x08000298                USIC1_3_IRQHandler
                0x08000298                CCU40_2_IRQHandler
                0x08000298                SCU_0_IRQHandler
                0x08000298                CCU41_0_IRQHandler
                0x08000298                USIC1_5_IRQHandler
                0x08000298                DSD0_4_IRQHandler
                0x08000298                CCU80_1_IRQHandler
                0x08000298                CCU81_0_IRQHandler
                0x08000298                UsageFault_Handler
                0x08000298                USIC0_0_IRQHandler
                0x08000298                POSIF1_1_IRQHandler
                0x08000298                CCU81_1_IRQHandler
                0x08000298                ERU1_1_IRQHandler
                0x08000298                VADC0_G2_3_IRQHandler
                0x08000298                VADC0_G2_2_IRQHandler
                0x08000298                CCU42_3_IRQHandler
                0x08000298                ERU0_3_IRQHandler
                0x08000298                DSD0_5_IRQHandler
                0x08000298                VADC0_C0_3_IRQHandler
                0x08000298                CAN0_6_IRQHandler
                0x08000298                CCU43_0_IRQHandler
                0x08000298                VADC0_G0_1_IRQHandler
                0x08000298                CCU81_2_IRQHandler
                0x08000298                USIC2_4_IRQHandler
                0x08000298                CCU81_3_IRQHandler
                0x08000298                CCU42_1_IRQHandler
                0x08000298                USIC1_1_IRQHandler
                0x08000298                USIC2_5_IRQHandler
                0x08000298                CCU40_0_IRQHandler
                0x08000298                CAN0_0_IRQHandler
                0x08000298                ERU1_0_IRQHandler
                0x08000298                CCU42_2_IRQHandler
                0x08000298                Default_Handler
                0x08000298                USIC1_4_IRQHandler
                0x08000298                ERU1_3_IRQHandler
                0x08000298                USIC1_0_IRQHandler
                0x08000298                POSIF0_1_IRQHandler
                0x08000298                VADC0_G0_0_IRQHandler
                0x08000298                DSD0_2_IRQHandler
                0x08000298                CCU80_3_IRQHandler
                0x08000298                CCU41_3_IRQHandler
                0x08000298                ERU0_2_IRQHandler_test
                0x08000298                CCU80_2_IRQHandler
                0x08000298                VADC0_G1_3_IRQHandler
                0x08000298                VADC0_G0_3_IRQHandler
                0x08000298                GPDMA0_0_IRQHandler
                0x08000298                PMU0_0_IRQHandler
                0x08000298                CAN0_7_IRQHandler
                0x08000298                DSD0_1_IRQHandler
                0x08000298                CCU41_2_IRQHandler
                0x08000298                VADC0_C0_1_IRQHandler
                0x08000298                CCU43_2_IRQHandler
                0x08000298                USIC2_2_IRQHandler
                0x08000298                MemManage_Handler
                0x08000298                VADC0_G3_1_IRQHandler
                0x08000298                DAC0_0_IRQHandler
                0x08000298                SVC_Handler
                0x08000298                VADC0_G3_3_IRQHandler
                0x08000298                ERU1_2_IRQHandler
                0x08000298                CCU41_1_IRQHandler
                0x08000298                DSD0_6_IRQHandler
                0x08000298                CCU43_1_IRQHandler
                0x08000298                VADC0_G1_2_IRQHandler
                0x08000298                USIC2_3_IRQHandler
                0x08000298                CAN0_2_IRQHandler
                0x08000298                USIC2_0_IRQHandler
                0x08000298                ECAT0_0_IRQHandler
                0x08000298                VADC0_G2_1_IRQHandler
                0x08000298                CAN0_3_IRQHandler
                0x08000298                ETH0_0_IRQHandler
                0x08000298                USIC0_3_IRQHandler
                0x08000298                DSD0_0_IRQHandler
                0x08000298                VADC0_C0_2_IRQHandler
                0x08000298                CCU42_0_IRQHandler
                0x08000298                FCE0_0_IRQHandler
                0x08000298                VADC0_G1_0_IRQHandler
                0x08000298                USB0_0_IRQHandler
                0x08000298                CAN0_5_IRQHandler
                0x08000298                CCU80_0_IRQHandler
                0x08000298                CCU40_1_IRQHandler
                0x08000298                USIC2_1_IRQHandler
                0x08000298                USIC0_1_IRQHandler
                0x08000298                VADC0_G3_2_IRQHandler
                0x08000298                CCU40_3_IRQHandler
                0x08000298                BusFault_Handler
                0x08000298                LEDTS0_0_IRQHandler
                0x08000298                USIC0_4_IRQHandler
                0x08000298                CCU43_3_IRQHandler
                0x08000298                ERU0_1_IRQHandler
                0x08000298                VADC0_G3_0_IRQHandler
                0x08000298                USIC1_2_IRQHandler
                0x08000298                DSD0_3_IRQHandler
                0x08000298                SDMMC0_0_IRQHandler
                0x08000298                CAN0_1_IRQHandler
                0x08000298                USIC0_2_IRQHandler
                0x08000298                DAC0_1_IRQHandler
                0x08000298                GPDMA1_0_IRQHandler
 *(.text .text.* .gnu.linkonce.t.*)
 .text.delay    0x0800029c       0x28 ./Startup/system_XMC4800.o
 .text.SystemInit
                0x080002c4       0x20 ./Startup/system_XMC4800.o
                0x080002c4                SystemInit
 .text.SystemCoreSetup
                0x080002e4       0x70 ./Startup/system_XMC4800.o
                0x080002e4                SystemCoreSetup
 .text.SystemCoreClockSetup
                0x08000354      0x2e0 ./Startup/system_XMC4800.o
                0x08000354                SystemCoreClockSetup
 .text.SystemCoreClockUpdate
                0x08000634       0xd4 ./Startup/system_XMC4800.o
                0x08000634                SystemCoreClockUpdate
 .text.OSCHP_GetFrequency
                0x08000708       0x14 ./Startup/system_XMC4800.o
                0x08000708                OSCHP_GetFrequency
 .text._init    0x0800071c        0xc ./Libraries/Newlib/syscalls.o
                0x0800071c                _init
 .text.ERU0_0_IRQHandler
                0x08000728        0xc ./Encoder.o
                0x08000728                ERU0_0_IRQHandler
 .text.encoder_init
                0x08000734      0x1d0 ./Encoder.o
                0x08000734                encoder_init
 .text.current_filter
                0x08000904       0x50 ./current_protection.o
                0x08000904                current_filter
 .text.current_protection
                0x08000954       0xbc ./current_protection.o
                0x08000954                current_protection
 .text.__NVIC_EnableIRQ
                0x08000a10       0x38 ./driver_adc.o
 .text.__NVIC_ClearPendingIRQ
                0x08000a48       0x3c ./driver_adc.o
 .text.__NVIC_SetPriority
                0x08000a84       0x54 ./driver_adc.o
 .text.adc_init
                0x08000ad8      0x42c ./driver_adc.o
                0x08000ad8                adc_init
 .text.interrupt_vadc_init
                0x08000f04      0x110 ./driver_adc.o
                0x08000f04                interrupt_vadc_init
 .text.read_currents
                0x08001014       0xc0 ./driver_adc.o
                0x08001014                read_currents
 .text.current_offset
                0x080010d4       0xc8 ./driver_adc.o
                0x080010d4                current_offset
 *fill*         0x0800119c        0x4 
 .text.compute_u_mot
                0x080011a0       0x48 ./driver_adc.o
                0x080011a0                compute_u_mot
 .text.compute_u_log
                0x080011e8       0x48 ./driver_adc.o
                0x080011e8                compute_u_log
 .text.compute_currents
                0x08001230      0x1c8 ./driver_adc.o
                0x08001230                compute_currents
 .text.pwm_init
                0x080013f8      0x21c ./driver_pwm.o
                0x080013f8                pwm_init
 .text.pwm_update
                0x08001614      0x170 ./driver_pwm.o
                0x08001614                pwm_update
 .text.motion_on
                0x08001784       0x60 ./driver_pwm.o
                0x08001784                motion_on
 .text.motion_off
                0x080017e4       0x60 ./driver_pwm.o
                0x080017e4                motion_off
 .text.VADC0_G0_2_IRQHandler
                0x08001844      0x164 ./kernel_interrupt.o
                0x08001844                VADC0_G0_2_IRQHandler
 .text.infinite_loop
                0x080019a8        0xc ./main.o
                0x080019a8                infinite_loop
 .text.main     0x080019b4       0x24 ./main.o
                0x080019b4                main
 .text.init_position
                0x080019d8       0x60 ./motor_data_update.o
                0x080019d8                init_position
 .text.compute_speed
                0x08001a38       0x30 ./motor_data_update.o
                0x08001a38                compute_speed
 .text.pi_regulator_i_q
                0x08001a68      0x1d4 ./pi_regulator.o
                0x08001a68                pi_regulator_i_q
 .text.pi_regulator_i_d
                0x08001c3c      0x1d4 ./pi_regulator.o
                0x08001c3c                pi_regulator_i_d
 .text.pi_regulator_speed
                0x08001e10      0x1e0 ./pi_regulator.o
                0x08001e10                pi_regulator_speed
 .text.pi_regulator_pos
                0x08001ff0      0x1dc ./pi_regulator.o
                0x08001ff0                pi_regulator_pos
 .text.ProbeScope_Init
                0x080021cc      0x160 ./probe_scope.o
                0x080021cc                ProbeScope_Init
 .text.ProbeScope_Sampling
                0x0800232c       0x44 ./probe_scope.o
                0x0800232c                ProbeScope_Sampling
 .text.ProbeScope_ModeOff
                0x08002370       0x28 ./probe_scope.o
 .text.ProbeScope_ModeContinuous
                0x08002398       0x7c ./probe_scope.o
 .text.ProbeScope_ModeTrig
                0x08002414      0x190 ./probe_scope.o
 .text.ProbeScope_SampleChAll
                0x080025a4       0x58 ./probe_scope.o
 .text.ProbeScope_SampleCh
                0x080025fc      0x1f8 ./probe_scope.o
 .text.ProbeScope_SamplePosNext
                0x080027f4       0x38 ./probe_scope.o
 .text.ProbeScope_IsTrig
                0x0800282c      0x6ac ./probe_scope.o
 .text.reference_generator_compute
                0x08002ed8       0x70 ./reference_generator.o
                0x08002ed8                reference_generator_compute
 .text.reference_generator
                0x08002f48      0x1a4 ./reference_generator.o
                0x08002f48                reference_generator
 .text.state_machine
                0x080030ec      0x1f4 ./state_machine.o
                0x080030ec                state_machine
 .text.drive_disabled
                0x080032e0       0x34 ./state_machine.o
                0x080032e0                drive_disabled
 .text.drive_on
                0x08003314       0x48 ./state_machine.o
                0x08003314                drive_on
 .text.operation_enabled
                0x0800335c       0x20 ./state_machine.o
                0x0800335c                operation_enabled
 .text.compute_motion
                0x0800337c       0x14 ./state_machine.o
                0x0800337c                compute_motion
 .text.delay_t  0x08003390       0x30 ./timer.o
                0x08003390                delay_t
 .text.abc_dq   0x080033c0       0xc8 ./transform.o
                0x080033c0                abc_dq
 .text.dq_abc   0x08003488      0x194 ./transform.o
                0x08003488                dq_abc
 .text.compute_fast_speed
                0x0800361c       0x44 ./transform.o
                0x0800361c                compute_fast_speed
 .text.compute_fast_mechanical_position
                0x08003660       0x24 ./transform.o
                0x08003660                compute_fast_mechanical_position
 .text.compute_fast_electrical_position
                0x08003684       0x50 ./transform.o
                0x08003684                compute_fast_electrical_position
 .text.compute_fast_field
                0x080036d4       0x6c ./transform.o
                0x080036d4                compute_fast_field
 .text.sincosf  0x08003740       0x18 c:/dave-ide-4.4.2-64bit/eclipse/arm-gcc-49/bin/../lib/gcc/arm-none-eabi/4.9.3/../../../../arm-none-eabi/lib/armv7e-m/softfp\libm.a(lib_a-wf_sincos.o)
                0x08003740                sincosf
 .text.cosf     0x08003758       0x8c c:/dave-ide-4.4.2-64bit/eclipse/arm-gcc-49/bin/../lib/gcc/arm-none-eabi/4.9.3/../../../../arm-none-eabi/lib/armv7e-m/softfp\libm.a(lib_a-sf_cos.o)
                0x08003758                cosf
 .text.sinf     0x080037e4       0x9c c:/dave-ide-4.4.2-64bit/eclipse/arm-gcc-49/bin/../lib/gcc/arm-none-eabi/4.9.3/../../../../arm-none-eabi/lib/armv7e-m/softfp\libm.a(lib_a-sf_sin.o)
                0x080037e4                sinf
 .text.__ieee754_rem_pio2f
                0x08003880      0x298 c:/dave-ide-4.4.2-64bit/eclipse/arm-gcc-49/bin/../lib/gcc/arm-none-eabi/4.9.3/../../../../arm-none-eabi/lib/armv7e-m/softfp\libm.a(lib_a-ef_rem_pio2.o)
                0x08003880                __ieee754_rem_pio2f
 .text.__kernel_cosf
                0x08003b18      0x114 c:/dave-ide-4.4.2-64bit/eclipse/arm-gcc-49/bin/../lib/gcc/arm-none-eabi/4.9.3/../../../../arm-none-eabi/lib/armv7e-m/softfp\libm.a(lib_a-kf_cos.o)
                0x08003b18                __kernel_cosf
 .text.__kernel_rem_pio2f
                0x08003c2c      0x628 c:/dave-ide-4.4.2-64bit/eclipse/arm-gcc-49/bin/../lib/gcc/arm-none-eabi/4.9.3/../../../../arm-none-eabi/lib/armv7e-m/softfp\libm.a(lib_a-kf_rem_pio2.o)
                0x08003c2c                __kernel_rem_pio2f
 .text.__kernel_sinf
                0x08004254       0x9c c:/dave-ide-4.4.2-64bit/eclipse/arm-gcc-49/bin/../lib/gcc/arm-none-eabi/4.9.3/../../../../arm-none-eabi/lib/armv7e-m/softfp\libm.a(lib_a-kf_sin.o)
                0x08004254                __kernel_sinf
 .text.fabsf    0x080042f0        0x8 c:/dave-ide-4.4.2-64bit/eclipse/arm-gcc-49/bin/../lib/gcc/arm-none-eabi/4.9.3/../../../../arm-none-eabi/lib/armv7e-m/softfp\libm.a(lib_a-sf_fabs.o)
                0x080042f0                fabsf
 .text.floorf   0x080042f8       0xb4 c:/dave-ide-4.4.2-64bit/eclipse/arm-gcc-49/bin/../lib/gcc/arm-none-eabi/4.9.3/../../../../arm-none-eabi/lib/armv7e-m/softfp\libm.a(lib_a-sf_floor.o)
                0x080042f8                floorf
 .text.scalbnf  0x080043ac      0x100 c:/dave-ide-4.4.2-64bit/eclipse/arm-gcc-49/bin/../lib/gcc/arm-none-eabi/4.9.3/../../../../arm-none-eabi/lib/armv7e-m/softfp\libm.a(lib_a-sf_scalbn.o)
                0x080043ac                scalbnf
 .text.copysignf
                0x080044ac        0xc c:/dave-ide-4.4.2-64bit/eclipse/arm-gcc-49/bin/../lib/gcc/arm-none-eabi/4.9.3/../../../../arm-none-eabi/lib/armv7e-m/softfp\libm.a(lib_a-sf_copysign.o)
                0x080044ac                copysignf
 .text          0x080044b8      0x370 c:/dave-ide-4.4.2-64bit/eclipse/arm-gcc-49/bin/../lib/gcc/arm-none-eabi/4.9.3/armv7e-m/softfp\libgcc.a(_arm_addsubdf3.o)
                0x080044b8                __aeabi_drsub
                0x080044c0                __aeabi_dsub
                0x080044c0                __subdf3
                0x080044c4                __aeabi_dadd
                0x080044c4                __adddf3
                0x0800473c                __floatunsidf
                0x0800473c                __aeabi_ui2d
                0x0800475c                __floatsidf
                0x0800475c                __aeabi_i2d
                0x08004780                __aeabi_f2d
                0x08004780                __extendsfdf2
                0x080047bc                __floatundidf
                0x080047bc                __aeabi_ul2d
                0x080047cc                __floatdidf
                0x080047cc                __aeabi_l2d
 .text          0x08004828      0x424 c:/dave-ide-4.4.2-64bit/eclipse/arm-gcc-49/bin/../lib/gcc/arm-none-eabi/4.9.3/armv7e-m/softfp\libgcc.a(_arm_muldivdf3.o)
                0x08004828                __aeabi_dmul
                0x08004828                __muldf3
                0x08004a7c                __divdf3
                0x08004a7c                __aeabi_ddiv
 .text          0x08004c4c       0xa0 c:/dave-ide-4.4.2-64bit/eclipse/arm-gcc-49/bin/../lib/gcc/arm-none-eabi/4.9.3/armv7e-m/softfp\libgcc.a(_arm_truncdfsf2.o)
                0x08004c4c                __truncdfsf2
                0x08004c4c                __aeabi_d2f
 .text.__libc_init_array
                0x08004cec       0x50 c:/dave-ide-4.4.2-64bit/eclipse/arm-gcc-49/bin/../lib/gcc/arm-none-eabi/4.9.3/../../../../arm-none-eabi/lib/armv7e-m/softfp\libg.a(lib_a-init.o)
                0x08004cec                __libc_init_array
 *(.init)
 *(.fini)
 *crtbegin.o(.ctors)
 *crtbegin?.o(.ctors)
 *(EXCLUDE_FILE(*crtend.o *crtend?.o) .ctors)
 *(SORT(.ctors.*))
 *(.ctors)
 *crtbegin.o(.dtors)
 *crtbegin?.o(.dtors)
 *(EXCLUDE_FILE(*crtend.o *crtend?.o) .dtors)
 *(SORT(.dtors.*))
 *(.dtors)
 *(.rodata .rodata.*)
 .rodata.npio2_hw
                0x08004d3c       0x80 c:/dave-ide-4.4.2-64bit/eclipse/arm-gcc-49/bin/../lib/gcc/arm-none-eabi/4.9.3/../../../../arm-none-eabi/lib/armv7e-m/softfp\libm.a(lib_a-ef_rem_pio2.o)
 .rodata.two_over_pi
                0x08004dbc      0x318 c:/dave-ide-4.4.2-64bit/eclipse/arm-gcc-49/bin/../lib/gcc/arm-none-eabi/4.9.3/../../../../arm-none-eabi/lib/armv7e-m/softfp\libm.a(lib_a-ef_rem_pio2.o)
 .rodata.init_jk
                0x080050d4        0xc c:/dave-ide-4.4.2-64bit/eclipse/arm-gcc-49/bin/../lib/gcc/arm-none-eabi/4.9.3/../../../../arm-none-eabi/lib/armv7e-m/softfp\libm.a(lib_a-kf_rem_pio2.o)
 .rodata.PIo2   0x080050e0       0x2c c:/dave-ide-4.4.2-64bit/eclipse/arm-gcc-49/bin/../lib/gcc/arm-none-eabi/4.9.3/../../../../arm-none-eabi/lib/armv7e-m/softfp\libm.a(lib_a-kf_rem_pio2.o)
 *(.gnu.linkonce.r*)
 *(vtable)
                0x0800510c                . = ALIGN (0x4)

.glue_7         0x0800510c        0x0 load address 0x0c00510c
 .glue_7        0x00000000        0x0 linker stubs

.glue_7t        0x0800510c        0x0 load address 0x0c00510c
 .glue_7t       0x00000000        0x0 linker stubs

.vfp11_veneer   0x0800510c        0x0 load address 0x0c00510c
 .vfp11_veneer  0x00000000        0x0 linker stubs

.v4_bx          0x0800510c        0x0 load address 0x0c00510c
 .v4_bx         0x00000000        0x0 linker stubs

.iplt           0x0800510c        0x0 load address 0x0c00510c
 .iplt          0x00000000        0x0 ./Startup/startup_XMC4800.o

.rel.dyn        0x0800510c        0x0 load address 0x0c00510c
 .rel.iplt      0x00000000        0x0 ./Startup/startup_XMC4800.o

.eh_frame_hdr
 *(.eh_frame_hdr)

.eh_frame
 *(.eh_frame)

.ARM.extab
 *(.ARM.extab* .gnu.linkonce.armextab.*)
                0x0800510c                . = ALIGN (0x4)
                0x0800510c                __exidx_start = .

.ARM.exidx
 *(.ARM.exidx* .gnu.linkonce.armexidx.*)
                0x0800510c                __exidx_end = .
                0x0800510c                . = ALIGN (0x4)

Stack           0x1ffe8000      0x800
                0x1ffe8000                __stack_start = .
                0x1ffe8800                . = (. + stack_size)
 *fill*         0x1ffe8000      0x800 
                0x1ffe8800                __stack_end = .
                0x1ffe8800                __initial_sp = .

.ram_code       0x1ffe8800        0x0 load address 0x0c00510c
                0x1ffe8800                . = ALIGN (0x4)
                0x1ffe8800                __ram_code_start = .
 *(.ram_code)
                0x1ffe8800                . = ALIGN (0x4)
                0x1ffe8800                __ram_code_end = .
                0x0c00510c                __ram_code_load = LOADADDR (.ram_code)
                0x00000000                __ram_code_size = (__ram_code_end - __ram_code_start)

.data           0x1ffe8800       0x50 load address 0x0c00510c
                0x1ffe8800                . = ALIGN (0x4)
                0x1ffe8800                __data_start = .
 *(.data)
 *(.data*)
 .data.i_prot   0x1ffe8800        0x4 ./current_protection.o
                0x1ffe8800                i_prot
 .data.k        0x1ffe8804        0x4 ./current_protection.o
                0x1ffe8804                k
 .data.pwm_value
                0x1ffe8808        0x2 ./driver_pwm.o
                0x1ffe8808                pwm_value
 .data.sat_pwm  0x1ffe880a        0x2 ./driver_pwm.o
                0x1ffe880a                sat_pwm
 .data.k_p_i    0x1ffe880c        0x4 ./pi_regulator.o
                0x1ffe880c                k_p_i
 .data.k_i_i    0x1ffe8810        0x4 ./pi_regulator.o
                0x1ffe8810                k_i_i
 .data.k_p_spd  0x1ffe8814        0x4 ./pi_regulator.o
                0x1ffe8814                k_p_spd
 .data.k_i_spd  0x1ffe8818        0x4 ./pi_regulator.o
                0x1ffe8818                k_i_spd
 .data.sat_out_currents
                0x1ffe881c        0x4 ./pi_regulator.o
                0x1ffe881c                sat_out_currents
 .data.sat_out_spd
                0x1ffe8820        0x4 ./pi_regulator.o
                0x1ffe8820                sat_out_spd
 .data.sat_out_pos
                0x1ffe8824        0x4 ./pi_regulator.o
                0x1ffe8824                sat_out_pos
 .data.ProbeScopeDbg_MaxSamples
                0x1ffe8828        0x2 ./probe_scope.o
 .data.ProbeScopeDbg_MaxCh
                0x1ffe882a        0x1 ./probe_scope.o
 *fill*         0x1ffe882b        0x1 
 .data.ProbeScopeDbg_16BitEn
                0x1ffe882c        0x4 ./probe_scope.o
 .data.ProbeScopeDbg_32BitEn
                0x1ffe8830        0x4 ./probe_scope.o
 .data.high_level
                0x1ffe8834        0x4 ./reference_generator.o
                0x1ffe8834                high_level
 .data.high_level_time
                0x1ffe8838        0x4 ./reference_generator.o
                0x1ffe8838                high_level_time
 .data.rise_time
                0x1ffe883c        0x4 ./reference_generator.o
                0x1ffe883c                rise_time
 .data.fall_time
                0x1ffe8840        0x4 ./reference_generator.o
                0x1ffe8840                fall_time
 .data.low_level_time
                0x1ffe8844        0x4 ./reference_generator.o
                0x1ffe8844                low_level_time
 .data.repeat_motion
                0x1ffe8848        0x1 ./reference_generator.o
                0x1ffe8848                repeat_motion
 *fill*         0x1ffe8849        0x1 
 .data.encoder_resolution
                0x1ffe884a        0x2 ./transform.o
                0x1ffe884a                encoder_resolution
 .data.pp       0x1ffe884c        0x1 ./transform.o
                0x1ffe884c                pp
 *(*.data)
 *(.gnu.linkonce.d*)
                0x1ffe8850                . = ALIGN (0x4)
 *fill*         0x1ffe884d        0x3 
                0x1ffe8850                PROVIDE (__preinit_array_start, .)
 *(.preinit_array)
                0x1ffe8850                PROVIDE (__preinit_array_end, .)
                0x1ffe8850                . = ALIGN (0x4)
                0x1ffe8850                PROVIDE (__init_array_start, .)
 *(SORT(.init_array.*))
 *(.init_array)
                0x1ffe8850                PROVIDE (__init_array_end, .)
                0x1ffe8850                . = ALIGN (0x4)
                0x1ffe8850                PROVIDE (__fini_array_start, .)
 *(SORT(.fini_array.*))
 *(.fini_array)
                0x1ffe8850                PROVIDE (__fini_array_end, .)
                0x1ffe8850                . = ALIGN (0x4)
                0x1ffe8850                __data_end = .
                0x0c00510c                __data_load = LOADADDR (.data)
                0x00000050                __data_size = (__data_end - __data_start)
                0x0000515c                __text_size = (((__exidx_end - sText) + __data_size) + __ram_code_size)
                0x0800515c                eText = (sText + __text_size)

.igot.plt       0x1ffe8850        0x0 load address 0x0c00515c
 .igot.plt      0x00000000        0x0 ./Startup/startup_XMC4800.o

.bss            0x1ffe8850     0x7f18 load address 0x0c00515c
                0x1ffe8850                . = ALIGN (0x4)
                0x1ffe8850                __bss_start = .
 *(.bss)
 *(.bss*)
 .bss.filter_output
                0x1ffe8850        0x4 ./current_protection.o
                0x1ffe8850                filter_output
 .bss.filter_output_old
                0x1ffe8854        0x4 ./current_protection.o
                0x1ffe8854                filter_output_old
 .bss.counter_timer_prot
                0x1ffe8858        0x4 ./current_protection.o
                0x1ffe8858                counter_timer_prot
 .bss.interrupt_counter_slow_loop
                0x1ffe885c        0x2 ./kernel_interrupt.o
                0x1ffe885c                interrupt_counter_slow_loop
 .bss.interrupt_counter_fast_loop
                0x1ffe885e        0x2 ./kernel_interrupt.o
                0x1ffe885e                interrupt_counter_fast_loop
 .bss.interrupt_counter_timer
                0x1ffe8860        0x2 ./kernel_interrupt.o
                0x1ffe8860                interrupt_counter_timer
 *fill*         0x1ffe8862        0x2 
 .bss.motor_spd
                0x1ffe8864        0x4 ./motor_data_update.o
                0x1ffe8864                motor_spd
 .bss.mechanical_position_old
                0x1ffe8868        0x4 ./motor_data_update.o
                0x1ffe8868                mechanical_position_old
 .bss.k_p_pos   0x1ffe886c        0x4 ./pi_regulator.o
                0x1ffe886c                k_p_pos
 .bss.k_i_pos   0x1ffe8870        0x4 ./pi_regulator.o
                0x1ffe8870                k_i_pos
 .bss.error_i_q
                0x1ffe8874        0x4 ./pi_regulator.o
                0x1ffe8874                error_i_q
 .bss.error_i_d
                0x1ffe8878        0x4 ./pi_regulator.o
                0x1ffe8878                error_i_d
 .bss.error_spd
                0x1ffe887c        0x4 ./pi_regulator.o
                0x1ffe887c                error_spd
 .bss.error_pos
                0x1ffe8880        0x4 ./pi_regulator.o
                0x1ffe8880                error_pos
 .bss.i_q_ref   0x1ffe8884        0x4 ./pi_regulator.o
                0x1ffe8884                i_q_ref
 .bss.i_d_ref   0x1ffe8888        0x4 ./pi_regulator.o
                0x1ffe8888                i_d_ref
 .bss.pos_ref   0x1ffe888c        0x4 ./pi_regulator.o
                0x1ffe888c                pos_ref
 .bss.spd_ref   0x1ffe8890        0x4 ./pi_regulator.o
                0x1ffe8890                spd_ref
 .bss.u_q_ref   0x1ffe8894        0x4 ./pi_regulator.o
                0x1ffe8894                u_q_ref
 .bss.p_part_i_q
                0x1ffe8898        0x4 ./pi_regulator.o
                0x1ffe8898                p_part_i_q
 .bss.p_part_i_d
                0x1ffe889c        0x4 ./pi_regulator.o
                0x1ffe889c                p_part_i_d
 .bss.p_part_spd
                0x1ffe88a0        0x4 ./pi_regulator.o
                0x1ffe88a0                p_part_spd
 .bss.p_part_pos
                0x1ffe88a4        0x4 ./pi_regulator.o
                0x1ffe88a4                p_part_pos
 .bss.i_part_i_q
                0x1ffe88a8        0x4 ./pi_regulator.o
                0x1ffe88a8                i_part_i_q
 .bss.i_part_i_d
                0x1ffe88ac        0x4 ./pi_regulator.o
                0x1ffe88ac                i_part_i_d
 .bss.i_part_spd
                0x1ffe88b0        0x4 ./pi_regulator.o
                0x1ffe88b0                i_part_spd
 .bss.i_part_pos
                0x1ffe88b4        0x4 ./pi_regulator.o
                0x1ffe88b4                i_part_pos
 .bss.ProbeScope_Ch1
                0x1ffe88b8      0xfb8 ./probe_scope.o
 .bss.ProbeScope_Ch2
                0x1ffe9870      0xfb8 ./probe_scope.o
 .bss.ProbeScope_Ch3
                0x1ffea828      0xfb8 ./probe_scope.o
 .bss.ProbeScope_Ch4
                0x1ffeb7e0      0xfb8 ./probe_scope.o
 .bss.ProbeScope_Ch5
                0x1ffec798      0xfb8 ./probe_scope.o
 .bss.ProbeScope_Ch6
                0x1ffed750      0xfb8 ./probe_scope.o
 .bss.ProbeScope_Ch7
                0x1ffee708      0xfb8 ./probe_scope.o
 .bss.ProbeScope_Ch8
                0x1ffef6c0      0xfb8 ./probe_scope.o
 .bss.ProbeScope_Mode
                0x1fff0678        0x1 ./probe_scope.o
 .bss.ProbeScope_TrigChSel
                0x1fff0679        0x1 ./probe_scope.o
 *fill*         0x1fff067a        0x2 
 .bss.ProbeScope_TrigHoldOffCtr
                0x1fff067c        0x4 ./probe_scope.o
 .bss.ProbeScope_TrigSlope
                0x1fff0680        0x4 ./probe_scope.o
 .bss.ProbeScope_SampleIxPrev
                0x1fff0684        0x4 ./probe_scope.o
 .bss.ProbeScope_SampleIxCur
                0x1fff0688        0x4 ./probe_scope.o
 .bss.ProbeScope_SamplesPreTrigCtr
                0x1fff068c        0x4 ./probe_scope.o
 .bss.ProbeScope_SamplesPostTrigCtr
                0x1fff0690        0x4 ./probe_scope.o
 .bss.ProbeScope_SamplingClkDiv
                0x1fff0694        0x2 ./probe_scope.o
 .bss.ProbeScope_SamplingClkDivCtr
                0x1fff0696        0x2 ./probe_scope.o
 .bss.ProbeScope_State
                0x1fff0698        0x1 ./probe_scope.o
 *fill*         0x1fff0699        0x3 
 .bss.temp.4203
                0x1fff069c        0x4 ./probe_scope.o
 .bss.interrupt_counter_ref_gen
                0x1fff06a0        0x4 ./reference_generator.o
                0x1fff06a0                interrupt_counter_ref_gen
 .bss.ref_gen_status
                0x1fff06a4        0x1 ./reference_generator.o
                0x1fff06a4                ref_gen_status
 *fill*         0x1fff06a5        0x3 
 .bss.reference
                0x1fff06a8        0x4 ./reference_generator.o
                0x1fff06a8                reference
 .bss.reference_old
                0x1fff06ac        0x4 ./reference_generator.o
                0x1fff06ac                reference_old
 .bss.ref_type_select
                0x1fff06b0        0x1 ./reference_generator.o
                0x1fff06b0                ref_type_select
 *fill*         0x1fff06b1        0x1 
 .bss.drive_status
                0x1fff06b2        0x2 ./state_machine.o
                0x1fff06b2                drive_status
 .bss.drive_command
                0x1fff06b4        0x2 ./state_machine.o
                0x1fff06b4                drive_command
 .bss.drive_command_old
                0x1fff06b6        0x2 ./state_machine.o
                0x1fff06b6                drive_command_old
 .bss.loop_control
                0x1fff06b8        0x1 ./state_machine.o
                0x1fff06b8                loop_control
 .bss.tune_test_control
                0x1fff06b9        0x1 ./state_machine.o
                0x1fff06b9                tune_test_control
 .bss.motion_config
                0x1fff06ba        0x1 ./state_machine.o
                0x1fff06ba                motion_config
 *fill*         0x1fff06bb        0x1 
 .bss.theta_fast
                0x1fff06bc        0x4 ./transform.o
                0x1fff06bc                theta_fast
 .bss.mechanical_position_fast
                0x1fff06c0        0x4 ./transform.o
                0x1fff06c0                mechanical_position_fast
 .bss.electrical_position_modulo_fast
                0x1fff06c4        0x4 ./transform.o
                0x1fff06c4                electrical_position_modulo_fast
 .bss.sin_theta_fast
                0x1fff06c8        0x4 ./transform.o
                0x1fff06c8                sin_theta_fast
 .bss.cos_theta_fast
                0x1fff06cc        0x4 ./transform.o
                0x1fff06cc                cos_theta_fast
 .bss.timer_value_fast
                0x1fff06d0        0x2 ./transform.o
                0x1fff06d0                timer_value_fast
 .bss.timer_value_old_fast
                0x1fff06d2        0x2 ./transform.o
                0x1fff06d2                timer_value_old_fast
 .bss.speed_value_fast
                0x1fff06d4        0x2 ./transform.o
                0x1fff06d4                speed_value_fast
 .bss.electrical_resolution
                0x1fff06d6        0x2 ./transform.o
                0x1fff06d6                electrical_resolution
 *(COMMON)
 COMMON         0x1fff06d8       0x36 ./driver_adc.o
                0x1fff06d8                offset_ib
                0x1fff06dc                u_log
                0x1fff06e0                offset_ic
                0x1fff06e4                ib
                0x1fff06e8                u_log_dig
                0x1fff06ec                ia
                0x1fff06f0                iq_a
                0x1fff06f4                ic_a
                0x1fff06f8                ia_a
                0x1fff06fc                u_mot
                0x1fff0700                u_mot_dig
                0x1fff0704                ib_a
                0x1fff0708                offset_ia
                0x1fff070c                ic
 *fill*         0x1fff070e        0x2 
 COMMON         0x1fff0710       0x10 ./pi_regulator.o
                0x1fff0710                sat_i_part_spd
                0x1fff0714                sat_i_part_pos
                0x1fff0718                u_d_ref
                0x1fff071c                sat_i_part_currents
 COMMON         0x1fff0720       0x1c ./probe_scope.o
                0x1fff0720                ProbeScope_TrigFlag
                0x1fff0724                ProbeScope_SamplingClkHz
                0x1fff0728                ProbeScope_TrigIx
                0x1fff072c                ProbeScope_TrigDispPos
                0x1fff0730                ProbeScope_TrigHoldOff
                0x1fff0734                ProbeScope_InitFlag
                0x1fff0738                ProbeScope_DataRdyFlag
 COMMON         0x1fff073c        0x8 ./reference_generator.o
                0x1fff073c                rise_increment
                0x1fff0740                fall_decrement
 COMMON         0x1fff0744       0x24 ./transform.o
                0x1fff0744                u_b_ref
                0x1fff0748                i_alpha
                0x1fff074c                i_q
                0x1fff0750                i_d
                0x1fff0754                u_a_ref
                0x1fff0758                u_beta
                0x1fff075c                u_alpha
                0x1fff0760                i_beta
                0x1fff0764                u_c_ref
 *(.gnu.linkonce.b*)
                0x1fff0768                . = ALIGN (0x4)
                0x1fff0768                __bss_end = .
                0x00007f18                __bss_size = (__bss_end - __bss_start)
                0x0000f898                __shift_loc = (__bss_end >= ORIGIN (DSRAM_1_system))?0x0:(ORIGIN (DSRAM_1_system) - __bss_end)

USB_RAM         0x20000000        0x0
                0x20000000                . = ALIGN (0x4)
                0x20000000                USB_RAM_start = .
 *(USB_RAM)
                0x20000000                . = ALIGN (0x4)
                0x20000000                USB_RAM_end = .
                0x00000000                USB_RAM_size = (USB_RAM_end - USB_RAM_start)

ETH_RAM         0x20000000        0x0
                0x20000000                . = ALIGN (0x4)
                0x20000000                ETH_RAM_start = .
 *(ETH_RAM)
                0x20000000                . = ALIGN (0x4)
                0x20000000                ETH_RAM_end = .
                0x20000000                . = ALIGN (0x8)
                0x20000000                Heap_Bank1_Start = .
                0x00000000                ETH_RAM_size = (ETH_RAM_end - ETH_RAM_start)

.no_init        0x2003ffc0       0x14
                0x2003ffc0                Heap_Bank1_End = .
 *(.no_init)
 .no_init       0x2003ffc0       0x14 ./Startup/system_XMC4800.o
                0x2003ffc0                SystemCoreClock
                0x2003ffc4                g_chipid
                0x0003ffc0                Heap_Bank1_Size = (Heap_Bank1_End - Heap_Bank1_Start)
                0x00000001                ASSERT ((Heap_Bank1_Start <= Heap_Bank1_End), region SRAM_combined overflowed no_init section)

/DISCARD/
 *(.comment)

.stab
 *(.stab)

.stabstr
 *(.stabstr)

.debug
 *(.debug)

.line
 *(.line)

.debug_srcinfo
 *(.debug_srcinfo)

.debug_sfnames
 *(.debug_sfnames)

.debug_aranges  0x00000000      0x388
 *(.debug_aranges)
 .debug_aranges
                0x00000000       0x20 ./Startup/startup_XMC4800.o
 .debug_aranges
                0x00000020       0x48 ./Startup/system_XMC4800.o
 .debug_aranges
                0x00000068       0x28 ./Libraries/Newlib/syscalls.o
 .debug_aranges
                0x00000090       0x48 ./Encoder.o
 .debug_aranges
                0x000000d8       0x28 ./current_protection.o
 .debug_aranges
                0x00000100       0x68 ./driver_adc.o
 .debug_aranges
                0x00000168       0x48 ./driver_pwm.o
 .debug_aranges
                0x000001b0       0x20 ./kernel_interrupt.o
 .debug_aranges
                0x000001d0       0x28 ./main.o
 .debug_aranges
                0x000001f8       0x28 ./motor_data_update.o
 .debug_aranges
                0x00000220       0x38 ./pi_regulator.o
 .debug_aranges
                0x00000258       0x60 ./probe_scope.o
 .debug_aranges
                0x000002b8       0x28 ./reference_generator.o
 .debug_aranges
                0x000002e0       0x40 ./state_machine.o
 .debug_aranges
                0x00000320       0x20 ./timer.o
 .debug_aranges
                0x00000340       0x48 ./transform.o

.debug_pubnames
 *(.debug_pubnames)

.debug_pubtypes
 *(.debug_pubtypes)

.debug_info     0x00000000     0x5d8f
 *(.debug_info .gnu.linkonce.wi.*)
 .debug_info    0x00000000       0x5b ./Startup/startup_XMC4800.o
 .debug_info    0x0000005b      0x928 ./Startup/system_XMC4800.o
 .debug_info    0x00000983      0x11f ./Libraries/Newlib/syscalls.o
 .debug_info    0x00000aa2     0x1207 ./Encoder.o
 .debug_info    0x00001ca9      0x1c9 ./current_protection.o
 .debug_info    0x00001e72     0x1aa4 ./driver_adc.o
 .debug_info    0x00003916      0xa4b ./driver_pwm.o
 .debug_info    0x00004361      0x208 ./kernel_interrupt.o
 .debug_info    0x00004569      0x149 ./main.o
 .debug_info    0x000046b2      0x153 ./motor_data_update.o
 .debug_info    0x00004805      0x39e ./pi_regulator.o
 .debug_info    0x00004ba3      0x5cb ./probe_scope.o
 .debug_info    0x0000516e      0x2fb ./reference_generator.o
 .debug_info    0x00005469      0x274 ./state_machine.o
 .debug_info    0x000056dd      0x14b ./timer.o
 .debug_info    0x00005828      0x567 ./transform.o

.debug_abbrev   0x00000000      0xecc
 *(.debug_abbrev)
 .debug_abbrev  0x00000000       0x14 ./Startup/startup_XMC4800.o
 .debug_abbrev  0x00000014      0x1a1 ./Startup/system_XMC4800.o
 .debug_abbrev  0x000001b5       0xbd ./Libraries/Newlib/syscalls.o
 .debug_abbrev  0x00000272      0x147 ./Encoder.o
 .debug_abbrev  0x000003b9       0xc5 ./current_protection.o
 .debug_abbrev  0x0000047e      0x1dd ./driver_adc.o
 .debug_abbrev  0x0000065b       0xf4 ./driver_pwm.o
 .debug_abbrev  0x0000074f       0xa1 ./kernel_interrupt.o
 .debug_abbrev  0x000007f0       0xc5 ./main.o
 .debug_abbrev  0x000008b5       0xa3 ./motor_data_update.o
 .debug_abbrev  0x00000958       0x9c ./pi_regulator.o
 .debug_abbrev  0x000009f4      0x176 ./probe_scope.o
 .debug_abbrev  0x00000b6a       0xd9 ./reference_generator.o
 .debug_abbrev  0x00000c43       0xb9 ./state_machine.o
 .debug_abbrev  0x00000cfc       0xba ./timer.o
 .debug_abbrev  0x00000db6      0x116 ./transform.o

.debug_line     0x00000000     0x1e22
 *(.debug_line)
 .debug_line    0x00000000       0x87 ./Startup/startup_XMC4800.o
 .debug_line    0x00000087      0x295 ./Startup/system_XMC4800.o
 .debug_line    0x0000031c       0xba ./Libraries/Newlib/syscalls.o
 .debug_line    0x000003d6      0x216 ./Encoder.o
 .debug_line    0x000005ec      0x17b ./current_protection.o
 .debug_line    0x00000767      0x2e2 ./driver_adc.o
 .debug_line    0x00000a49      0x219 ./driver_pwm.o
 .debug_line    0x00000c62      0x1a3 ./kernel_interrupt.o
 .debug_line    0x00000e05      0x1c6 ./main.o
 .debug_line    0x00000fcb      0x162 ./motor_data_update.o
 .debug_line    0x0000112d      0x1d2 ./pi_regulator.o
 .debug_line    0x000012ff      0x38b ./probe_scope.o
 .debug_line    0x0000168a      0x1e4 ./reference_generator.o
 .debug_line    0x0000186e      0x213 ./state_machine.o
 .debug_line    0x00001a81      0x16f ./timer.o
 .debug_line    0x00001bf0      0x232 ./transform.o

.debug_frame    0x00000000      0xc2c
 *(.debug_frame)
 .debug_frame   0x00000000       0xec ./Startup/system_XMC4800.o
 .debug_frame   0x000000ec       0x5c ./Libraries/Newlib/syscalls.o
 .debug_frame   0x00000148       0xec ./Encoder.o
 .debug_frame   0x00000234       0x54 ./current_protection.o
 .debug_frame   0x00000288      0x168 ./driver_adc.o
 .debug_frame   0x000003f0       0xec ./driver_pwm.o
 .debug_frame   0x000004dc       0x38 ./kernel_interrupt.o
 .debug_frame   0x00000514       0x48 ./main.o
 .debug_frame   0x0000055c       0x50 ./motor_data_update.o
 .debug_frame   0x000005ac       0xa0 ./pi_regulator.o
 .debug_frame   0x0000064c      0x144 ./probe_scope.o
 .debug_frame   0x00000790       0x58 ./reference_generator.o
 .debug_frame   0x000007e8       0xa4 ./state_machine.o
 .debug_frame   0x0000088c       0x38 ./timer.o
 .debug_frame   0x000008c4       0xe0 ./transform.o
 .debug_frame   0x000009a4       0x2c c:/dave-ide-4.4.2-64bit/eclipse/arm-gcc-49/bin/../lib/gcc/arm-none-eabi/4.9.3/../../../../arm-none-eabi/lib/armv7e-m/softfp\libm.a(lib_a-wf_sincos.o)
 .debug_frame   0x000009d0       0x34 c:/dave-ide-4.4.2-64bit/eclipse/arm-gcc-49/bin/../lib/gcc/arm-none-eabi/4.9.3/../../../../arm-none-eabi/lib/armv7e-m/softfp\libm.a(lib_a-sf_cos.o)
 .debug_frame   0x00000a04       0x34 c:/dave-ide-4.4.2-64bit/eclipse/arm-gcc-49/bin/../lib/gcc/arm-none-eabi/4.9.3/../../../../arm-none-eabi/lib/armv7e-m/softfp\libm.a(lib_a-sf_sin.o)
 .debug_frame   0x00000a38       0x3c c:/dave-ide-4.4.2-64bit/eclipse/arm-gcc-49/bin/../lib/gcc/arm-none-eabi/4.9.3/../../../../arm-none-eabi/lib/armv7e-m/softfp\libm.a(lib_a-ef_rem_pio2.o)
 .debug_frame   0x00000a74       0x20 c:/dave-ide-4.4.2-64bit/eclipse/arm-gcc-49/bin/../lib/gcc/arm-none-eabi/4.9.3/../../../../arm-none-eabi/lib/armv7e-m/softfp\libm.a(lib_a-kf_cos.o)
 .debug_frame   0x00000a94       0x5c c:/dave-ide-4.4.2-64bit/eclipse/arm-gcc-49/bin/../lib/gcc/arm-none-eabi/4.9.3/../../../../arm-none-eabi/lib/armv7e-m/softfp\libm.a(lib_a-kf_rem_pio2.o)
 .debug_frame   0x00000af0       0x20 c:/dave-ide-4.4.2-64bit/eclipse/arm-gcc-49/bin/../lib/gcc/arm-none-eabi/4.9.3/../../../../arm-none-eabi/lib/armv7e-m/softfp\libm.a(lib_a-kf_sin.o)
 .debug_frame   0x00000b10       0x20 c:/dave-ide-4.4.2-64bit/eclipse/arm-gcc-49/bin/../lib/gcc/arm-none-eabi/4.9.3/../../../../arm-none-eabi/lib/armv7e-m/softfp\libm.a(lib_a-sf_fabs.o)
 .debug_frame   0x00000b30       0x48 c:/dave-ide-4.4.2-64bit/eclipse/arm-gcc-49/bin/../lib/gcc/arm-none-eabi/4.9.3/../../../../arm-none-eabi/lib/armv7e-m/softfp\libm.a(lib_a-sf_floor.o)
 .debug_frame   0x00000b78       0x68 c:/dave-ide-4.4.2-64bit/eclipse/arm-gcc-49/bin/../lib/gcc/arm-none-eabi/4.9.3/../../../../arm-none-eabi/lib/armv7e-m/softfp\libm.a(lib_a-sf_scalbn.o)
 .debug_frame   0x00000be0       0x20 c:/dave-ide-4.4.2-64bit/eclipse/arm-gcc-49/bin/../lib/gcc/arm-none-eabi/4.9.3/../../../../arm-none-eabi/lib/armv7e-m/softfp\libm.a(lib_a-sf_copysign.o)
 .debug_frame   0x00000c00       0x2c c:/dave-ide-4.4.2-64bit/eclipse/arm-gcc-49/bin/../lib/gcc/arm-none-eabi/4.9.3/../../../../arm-none-eabi/lib/armv7e-m/softfp\libg.a(lib_a-init.o)

.debug_str      0x00000000     0x1d68
 *(.debug_str)
 .debug_str     0x00000000      0x536 ./Startup/system_XMC4800.o
                                0x598 (size before relaxing)
 .debug_str     0x00000536       0x6f ./Libraries/Newlib/syscalls.o
                                0x1f6 (size before relaxing)
 .debug_str     0x000005a5      0x877 ./Encoder.o
                                0xc5f (size before relaxing)
 .debug_str     0x00000e1c       0xba ./current_protection.o
                                0x29f (size before relaxing)
 .debug_str     0x00000ed6      0x39f ./driver_adc.o
                                0xeff (size before relaxing)
 .debug_str     0x00001275       0x92 ./driver_pwm.o
                                0x3ea (size before relaxing)
 .debug_str     0x00001307      0x14a ./kernel_interrupt.o
                                0x35f (size before relaxing)
 .debug_str     0x00001451       0x23 ./main.o
                                0x21c (size before relaxing)
 .debug_str     0x00001474       0x6e ./motor_data_update.o
                                0x25d (size before relaxing)
 .debug_str     0x000014e2      0x179 ./pi_regulator.o
                                0x3a1 (size before relaxing)
 .debug_str     0x0000165b      0x467 ./probe_scope.o
                                0x668 (size before relaxing)
 .debug_str     0x00001ac2      0x10a ./reference_generator.o
                                0x3d3 (size before relaxing)
 .debug_str     0x00001bcc       0x6c ./state_machine.o
                                0x371 (size before relaxing)
 .debug_str     0x00001c38       0x13 ./timer.o
                                0x22a (size before relaxing)
 .debug_str     0x00001c4b      0x11d ./transform.o
                                0x41c (size before relaxing)

.debug_loc      0x00000000     0x1094
 *(.debug_loc)
 .debug_loc     0x00000000      0x1a4 ./Startup/system_XMC4800.o
 .debug_loc     0x000001a4       0x94 ./Libraries/Newlib/syscalls.o
 .debug_loc     0x00000238      0x1c8 ./Encoder.o
 .debug_loc     0x00000400       0x88 ./current_protection.o
 .debug_loc     0x00000488      0x29c ./driver_adc.o
 .debug_loc     0x00000724      0x1a4 ./driver_pwm.o
 .debug_loc     0x000008c8       0x50 ./kernel_interrupt.o
 .debug_loc     0x00000918       0x58 ./main.o
 .debug_loc     0x00000970       0x70 ./motor_data_update.o
 .debug_loc     0x000009e0      0x110 ./pi_regulator.o
 .debug_loc     0x00000af0      0x24c ./probe_scope.o
 .debug_loc     0x00000d3c       0x88 ./reference_generator.o
 .debug_loc     0x00000dc4       0xf4 ./state_machine.o
 .debug_loc     0x00000eb8       0x5c ./timer.o
 .debug_loc     0x00000f14      0x180 ./transform.o

.debug_macinfo
 *(.debug_macinfo)

.debug_ranges   0x00000000      0x278
 *(.debug_ranges)
 .debug_ranges  0x00000000       0x38 ./Startup/system_XMC4800.o
 .debug_ranges  0x00000038       0x18 ./Libraries/Newlib/syscalls.o
 .debug_ranges  0x00000050       0x38 ./Encoder.o
 .debug_ranges  0x00000088       0x18 ./current_protection.o
 .debug_ranges  0x000000a0       0x58 ./driver_adc.o
 .debug_ranges  0x000000f8       0x38 ./driver_pwm.o
 .debug_ranges  0x00000130       0x10 ./kernel_interrupt.o
 .debug_ranges  0x00000140       0x18 ./main.o
 .debug_ranges  0x00000158       0x18 ./motor_data_update.o
 .debug_ranges  0x00000170       0x28 ./pi_regulator.o
 .debug_ranges  0x00000198       0x50 ./probe_scope.o
 .debug_ranges  0x000001e8       0x18 ./reference_generator.o
 .debug_ranges  0x00000200       0x30 ./state_machine.o
 .debug_ranges  0x00000230       0x10 ./timer.o
 .debug_ranges  0x00000240       0x38 ./transform.o

.debug_weaknames
 *(.debug_weaknames)

.debug_funcnames
 *(.debug_funcnames)

.debug_typenames
 *(.debug_typenames)

.debug_varnames
 *(.debug_varnames)

.build_attributes
                0x00000000      0x61c
 *(.ARM.attributes)
 .ARM.attributes
                0x00000000       0x25 ./Startup/startup_XMC4800.o
 .ARM.attributes
                0x00000025       0x37 ./Startup/system_XMC4800.o
 .ARM.attributes
                0x0000005c       0x37 ./Libraries/Newlib/syscalls.o
 .ARM.attributes
                0x00000093       0x37 ./Encoder.o
 .ARM.attributes
                0x000000ca       0x37 ./current_protection.o
 .ARM.attributes
                0x00000101       0x37 ./driver_adc.o
 .ARM.attributes
                0x00000138       0x37 ./driver_pwm.o
 .ARM.attributes
                0x0000016f       0x37 ./kernel_interrupt.o
 .ARM.attributes
                0x000001a6       0x37 ./main.o
 .ARM.attributes
                0x000001dd       0x37 ./motor_data_update.o
 .ARM.attributes
                0x00000214       0x37 ./pi_regulator.o
 .ARM.attributes
                0x0000024b       0x37 ./probe_scope.o
 .ARM.attributes
                0x00000282       0x37 ./reference_generator.o
 .ARM.attributes
                0x000002b9       0x37 ./state_machine.o
 .ARM.attributes
                0x000002f0       0x37 ./timer.o
 .ARM.attributes
                0x00000327       0x37 ./transform.o
 .ARM.attributes
                0x0000035e       0x32 c:/dave-ide-4.4.2-64bit/eclipse/arm-gcc-49/bin/../lib/gcc/arm-none-eabi/4.9.3/../../../../arm-none-eabi/lib/armv7e-m/softfp\libm.a(lib_a-wf_sincos.o)
 .ARM.attributes
                0x00000390       0x32 c:/dave-ide-4.4.2-64bit/eclipse/arm-gcc-49/bin/../lib/gcc/arm-none-eabi/4.9.3/../../../../arm-none-eabi/lib/armv7e-m/softfp\libm.a(lib_a-sf_cos.o)
 .ARM.attributes
                0x000003c2       0x32 c:/dave-ide-4.4.2-64bit/eclipse/arm-gcc-49/bin/../lib/gcc/arm-none-eabi/4.9.3/../../../../arm-none-eabi/lib/armv7e-m/softfp\libm.a(lib_a-sf_sin.o)
 .ARM.attributes
                0x000003f4       0x32 c:/dave-ide-4.4.2-64bit/eclipse/arm-gcc-49/bin/../lib/gcc/arm-none-eabi/4.9.3/../../../../arm-none-eabi/lib/armv7e-m/softfp\libm.a(lib_a-ef_rem_pio2.o)
 .ARM.attributes
                0x00000426       0x32 c:/dave-ide-4.4.2-64bit/eclipse/arm-gcc-49/bin/../lib/gcc/arm-none-eabi/4.9.3/../../../../arm-none-eabi/lib/armv7e-m/softfp\libm.a(lib_a-kf_cos.o)
 .ARM.attributes
                0x00000458       0x32 c:/dave-ide-4.4.2-64bit/eclipse/arm-gcc-49/bin/../lib/gcc/arm-none-eabi/4.9.3/../../../../arm-none-eabi/lib/armv7e-m/softfp\libm.a(lib_a-kf_rem_pio2.o)
 .ARM.attributes
                0x0000048a       0x32 c:/dave-ide-4.4.2-64bit/eclipse/arm-gcc-49/bin/../lib/gcc/arm-none-eabi/4.9.3/../../../../arm-none-eabi/lib/armv7e-m/softfp\libm.a(lib_a-kf_sin.o)
 .ARM.attributes
                0x000004bc       0x32 c:/dave-ide-4.4.2-64bit/eclipse/arm-gcc-49/bin/../lib/gcc/arm-none-eabi/4.9.3/../../../../arm-none-eabi/lib/armv7e-m/softfp\libm.a(lib_a-sf_fabs.o)
 .ARM.attributes
                0x000004ee       0x32 c:/dave-ide-4.4.2-64bit/eclipse/arm-gcc-49/bin/../lib/gcc/arm-none-eabi/4.9.3/../../../../arm-none-eabi/lib/armv7e-m/softfp\libm.a(lib_a-sf_floor.o)
 .ARM.attributes
                0x00000520       0x32 c:/dave-ide-4.4.2-64bit/eclipse/arm-gcc-49/bin/../lib/gcc/arm-none-eabi/4.9.3/../../../../arm-none-eabi/lib/armv7e-m/softfp\libm.a(lib_a-sf_scalbn.o)
 .ARM.attributes
                0x00000552       0x32 c:/dave-ide-4.4.2-64bit/eclipse/arm-gcc-49/bin/../lib/gcc/arm-none-eabi/4.9.3/../../../../arm-none-eabi/lib/armv7e-m/softfp\libm.a(lib_a-sf_copysign.o)
 .ARM.attributes
                0x00000584       0x22 c:/dave-ide-4.4.2-64bit/eclipse/arm-gcc-49/bin/../lib/gcc/arm-none-eabi/4.9.3/armv7e-m/softfp\libgcc.a(_arm_addsubdf3.o)
 .ARM.attributes
                0x000005a6       0x22 c:/dave-ide-4.4.2-64bit/eclipse/arm-gcc-49/bin/../lib/gcc/arm-none-eabi/4.9.3/armv7e-m/softfp\libgcc.a(_arm_muldivdf3.o)
 .ARM.attributes
                0x000005c8       0x22 c:/dave-ide-4.4.2-64bit/eclipse/arm-gcc-49/bin/../lib/gcc/arm-none-eabi/4.9.3/armv7e-m/softfp\libgcc.a(_arm_truncdfsf2.o)
 .ARM.attributes
                0x000005ea       0x32 c:/dave-ide-4.4.2-64bit/eclipse/arm-gcc-49/bin/../lib/gcc/arm-none-eabi/4.9.3/../../../../arm-none-eabi/lib/armv7e-m/softfp\libg.a(lib_a-init.o)
OUTPUT(Licenta_main.elf elf32-littlearm)
