Archive member included because of file (symbol)

c:/dave-ide-4.4.2-64bit/eclipse/arm-gcc-49/bin/../lib/gcc/arm-none-eabi/4.9.3/../../../../arm-none-eabi/lib/armv7e-m/softfp\libm.a(lib_a-wf_sincos.o)
                              ./transform.o (sincosf)
c:/dave-ide-4.4.2-64bit/eclipse/arm-gcc-49/bin/../lib/gcc/arm-none-eabi/4.9.3/../../../../arm-none-eabi/lib/armv7e-m/softfp\libm.a(lib_a-sf_cos.o)
                              c:/dave-ide-4.4.2-64bit/eclipse/arm-gcc-49/bin/../lib/gcc/arm-none-eabi/4.9.3/../../../../arm-none-eabi/lib/armv7e-m/softfp\libm.a(lib_a-wf_sincos.o) (cosf)
c:/dave-ide-4.4.2-64bit/eclipse/arm-gcc-49/bin/../lib/gcc/arm-none-eabi/4.9.3/../../../../arm-none-eabi/lib/armv7e-m/softfp\libm.a(lib_a-sf_sin.o)
                              c:/dave-ide-4.4.2-64bit/eclipse/arm-gcc-49/bin/../lib/gcc/arm-none-eabi/4.9.3/../../../../arm-none-eabi/lib/armv7e-m/softfp\libm.a(lib_a-wf_sincos.o) (sinf)
c:/dave-ide-4.4.2-64bit/eclipse/arm-gcc-49/bin/../lib/gcc/arm-none-eabi/4.9.3/../../../../arm-none-eabi/lib/armv7e-m/softfp\libm.a(lib_a-ef_rem_pio2.o)
                              c:/dave-ide-4.4.2-64bit/eclipse/arm-gcc-49/bin/../lib/gcc/arm-none-eabi/4.9.3/../../../../arm-none-eabi/lib/armv7e-m/softfp\libm.a(lib_a-sf_cos.o) (__ieee754_rem_pio2f)
c:/dave-ide-4.4.2-64bit/eclipse/arm-gcc-49/bin/../lib/gcc/arm-none-eabi/4.9.3/../../../../arm-none-eabi/lib/armv7e-m/softfp\libm.a(lib_a-kf_cos.o)
                              c:/dave-ide-4.4.2-64bit/eclipse/arm-gcc-49/bin/../lib/gcc/arm-none-eabi/4.9.3/../../../../arm-none-eabi/lib/armv7e-m/softfp\libm.a(lib_a-sf_cos.o) (__kernel_cosf)
c:/dave-ide-4.4.2-64bit/eclipse/arm-gcc-49/bin/../lib/gcc/arm-none-eabi/4.9.3/../../../../arm-none-eabi/lib/armv7e-m/softfp\libm.a(lib_a-kf_rem_pio2.o)
                              c:/dave-ide-4.4.2-64bit/eclipse/arm-gcc-49/bin/../lib/gcc/arm-none-eabi/4.9.3/../../../../arm-none-eabi/lib/armv7e-m/softfp\libm.a(lib_a-ef_rem_pio2.o) (__kernel_rem_pio2f)
c:/dave-ide-4.4.2-64bit/eclipse/arm-gcc-49/bin/../lib/gcc/arm-none-eabi/4.9.3/../../../../arm-none-eabi/lib/armv7e-m/softfp\libm.a(lib_a-kf_sin.o)
                              c:/dave-ide-4.4.2-64bit/eclipse/arm-gcc-49/bin/../lib/gcc/arm-none-eabi/4.9.3/../../../../arm-none-eabi/lib/armv7e-m/softfp\libm.a(lib_a-sf_cos.o) (__kernel_sinf)
c:/dave-ide-4.4.2-64bit/eclipse/arm-gcc-49/bin/../lib/gcc/arm-none-eabi/4.9.3/../../../../arm-none-eabi/lib/armv7e-m/softfp\libm.a(lib_a-sf_fabs.o)
                              c:/dave-ide-4.4.2-64bit/eclipse/arm-gcc-49/bin/../lib/gcc/arm-none-eabi/4.9.3/../../../../arm-none-eabi/lib/armv7e-m/softfp\libm.a(lib_a-ef_rem_pio2.o) (fabsf)
c:/dave-ide-4.4.2-64bit/eclipse/arm-gcc-49/bin/../lib/gcc/arm-none-eabi/4.9.3/../../../../arm-none-eabi/lib/armv7e-m/softfp\libm.a(lib_a-sf_floor.o)
                              c:/dave-ide-4.4.2-64bit/eclipse/arm-gcc-49/bin/../lib/gcc/arm-none-eabi/4.9.3/../../../../arm-none-eabi/lib/armv7e-m/softfp\libm.a(lib_a-kf_rem_pio2.o) (floorf)
c:/dave-ide-4.4.2-64bit/eclipse/arm-gcc-49/bin/../lib/gcc/arm-none-eabi/4.9.3/../../../../arm-none-eabi/lib/armv7e-m/softfp\libm.a(lib_a-sf_scalbn.o)
                              c:/dave-ide-4.4.2-64bit/eclipse/arm-gcc-49/bin/../lib/gcc/arm-none-eabi/4.9.3/../../../../arm-none-eabi/lib/armv7e-m/softfp\libm.a(lib_a-kf_rem_pio2.o) (scalbnf)
c:/dave-ide-4.4.2-64bit/eclipse/arm-gcc-49/bin/../lib/gcc/arm-none-eabi/4.9.3/../../../../arm-none-eabi/lib/armv7e-m/softfp\libm.a(lib_a-sf_copysign.o)
                              c:/dave-ide-4.4.2-64bit/eclipse/arm-gcc-49/bin/../lib/gcc/arm-none-eabi/4.9.3/../../../../arm-none-eabi/lib/armv7e-m/softfp\libm.a(lib_a-sf_scalbn.o) (copysignf)
c:/dave-ide-4.4.2-64bit/eclipse/arm-gcc-49/bin/../lib/gcc/arm-none-eabi/4.9.3/armv7e-m/softfp\libgcc.a(_arm_addsubdf3.o)
                              ./driver_adc.o (__aeabi_dsub)
c:/dave-ide-4.4.2-64bit/eclipse/arm-gcc-49/bin/../lib/gcc/arm-none-eabi/4.9.3/armv7e-m/softfp\libgcc.a(_arm_muldivdf3.o)
                              ./driver_adc.o (__aeabi_dmul)
c:/dave-ide-4.4.2-64bit/eclipse/arm-gcc-49/bin/../lib/gcc/arm-none-eabi/4.9.3/armv7e-m/softfp\libgcc.a(_arm_truncdfsf2.o)
                              ./driver_adc.o (__aeabi_d2f)
c:/dave-ide-4.4.2-64bit/eclipse/arm-gcc-49/bin/../lib/gcc/arm-none-eabi/4.9.3/../../../../arm-none-eabi/lib/armv7e-m/softfp\libg.a(lib_a-errno.o)
                              ./Libraries/Newlib/syscalls.o (__errno)
c:/dave-ide-4.4.2-64bit/eclipse/arm-gcc-49/bin/../lib/gcc/arm-none-eabi/4.9.3/../../../../arm-none-eabi/lib/armv7e-m/softfp\libg.a(lib_a-impure.o)
                              c:/dave-ide-4.4.2-64bit/eclipse/arm-gcc-49/bin/../lib/gcc/arm-none-eabi/4.9.3/../../../../arm-none-eabi/lib/armv7e-m/softfp\libg.a(lib_a-errno.o) (_impure_ptr)
c:/dave-ide-4.4.2-64bit/eclipse/arm-gcc-49/bin/../lib/gcc/arm-none-eabi/4.9.3/../../../../arm-none-eabi/lib/armv7e-m/softfp\libg.a(lib_a-init.o)
                              ./Startup/startup_XMC4800.o (__libc_init_array)
[...]
Memory Configuration

Name             Origin             Length             Attributes
FLASH_1_cached   0x08000000         0x00200000         xr
FLASH_1_uncached 0x0c000000         0x00200000         xr
PSRAM_1          0x1ffe8000         0x00018000         !xr
DSRAM_1_system   0x20000000         0x00020000         !xr
DSRAM_2_comm     0x20020000         0x00020000         !xr
SRAM_combined    0x1ffe8000         0x00058000         !xr
*default*        0x00000000         0xffffffff

Linker script and memory map

LOAD ./Startup/startup_XMC4800.o
LOAD ./Startup/system_XMC4800.o
LOAD ./Libraries/XMCLib/src/xmc4_eru.o
LOAD ./Libraries/XMCLib/src/xmc4_flash.o
LOAD ./Libraries/XMCLib/src/xmc4_gpio.o
LOAD ./Libraries/XMCLib/src/xmc4_rtc.o
LOAD ./Libraries/XMCLib/src/xmc4_scu.o
LOAD ./Libraries/XMCLib/src/xmc_can.o
LOAD ./Libraries/XMCLib/src/xmc_ccu4.o
LOAD ./Libraries/XMCLib/src/xmc_ccu8.o
LOAD ./Libraries/XMCLib/src/xmc_common.o
LOAD ./Libraries/XMCLib/src/xmc_dac.o
LOAD ./Libraries/XMCLib/src/xmc_dma.o
LOAD ./Libraries/XMCLib/src/xmc_dsd.o
LOAD ./Libraries/XMCLib/src/xmc_ebu.o
LOAD ./Libraries/XMCLib/src/xmc_ecat.o
LOAD ./Libraries/XMCLib/src/xmc_eru.o
LOAD ./Libraries/XMCLib/src/xmc_eth_mac.o
LOAD ./Libraries/XMCLib/src/xmc_eth_phy_dp83848.o
LOAD ./Libraries/XMCLib/src/xmc_eth_phy_ksz8031rnl.o
LOAD ./Libraries/XMCLib/src/xmc_eth_phy_ksz8081rnb.o
LOAD ./Libraries/XMCLib/src/xmc_fce.o
LOAD ./Libraries/XMCLib/src/xmc_gpio.o
LOAD ./Libraries/XMCLib/src/xmc_hrpwm.o
LOAD ./Libraries/XMCLib/src/xmc_i2c.o
LOAD ./Libraries/XMCLib/src/xmc_i2s.o
LOAD ./Libraries/XMCLib/src/xmc_ledts.o
LOAD ./Libraries/XMCLib/src/xmc_posif.o
LOAD ./Libraries/XMCLib/src/xmc_rtc.o
LOAD ./Libraries/XMCLib/src/xmc_sdmmc.o
LOAD ./Libraries/XMCLib/src/xmc_spi.o
LOAD ./Libraries/XMCLib/src/xmc_uart.o
LOAD ./Libraries/XMCLib/src/xmc_usbd.o
LOAD ./Libraries/XMCLib/src/xmc_usbh.o
LOAD ./Libraries/XMCLib/src/xmc_usic.o
LOAD ./Libraries/XMCLib/src/xmc_vadc.o
LOAD ./Libraries/XMCLib/src/xmc_wdt.o
LOAD ./Libraries/Newlib/syscalls.o
LOAD ./Encoder.o
LOAD ./current_protection.o
LOAD ./driver_adc.o
LOAD ./driver_pwm.o
LOAD ./io.o
LOAD ./kernel_interrupt.o
LOAD ./logger.o
LOAD ./main.o
LOAD ./motor_data_update.o
LOAD ./pi_regulator.o
LOAD ./probe_scope.o
LOAD ./reference_generator.o
LOAD ./state_machine.o
LOAD ./timer.o
LOAD ./transform.o
LOAD c:/dave-ide-4.4.2-64bit/eclipse/arm-gcc-49/bin/../lib/gcc/arm-none-eabi/4.9.3/../../../../arm-none-eabi/lib/armv7e-m/softfp\libm.a
START GROUP
LOAD c:/dave-ide-4.4.2-64bit/eclipse/arm-gcc-49/bin/../lib/gcc/arm-none-eabi/4.9.3/armv7e-m/softfp\libgcc.a
LOAD c:/dave-ide-4.4.2-64bit/eclipse/arm-gcc-49/bin/../lib/gcc/arm-none-eabi/4.9.3/../../../../arm-none-eabi/lib/armv7e-m/softfp\libg.a
LOAD c:/dave-ide-4.4.2-64bit/eclipse/arm-gcc-49/bin/../lib/gcc/arm-none-eabi/4.9.3/../../../../arm-none-eabi/lib/armv7e-m/softfp\libc.a
END GROUP
                0x00000800                stack_size = DEFINED (stack_size)?stack_size:0x800
                0x00000040                no_init_size = 0x40

.text           0x08000000     0x5028 load address 0x0c000000
                0x08000000                sText = .
 *(.reset)
 .reset         0x08000000      0x29c ./Startup/startup_XMC4800.o
                0x08000000                __Vectors
                0x08000200                Reset_Handler
                0x08000298                DSD0_7_IRQHandler
                0x08000298                DebugMon_Handler
                0x08000298                VADC0_C0_0_IRQHandler
                0x08000298                CAN0_4_IRQHandler
                0x08000298                VADC0_G2_0_IRQHandler
                0x08000298                USIC0_5_IRQHandler
                0x08000298                POSIF0_0_IRQHandler
                0x08000298                POSIF1_0_IRQHandler
                0x08000298                HardFault_Handler
                0x08000298                VADC0_G1_1_IRQHandler
                0x08000298                SysTick_Handler
                0x08000298                PendSV_Handler
                0x08000298                NMI_Handler
                0x08000298                USIC1_3_IRQHandler
                0x08000298                CCU40_2_IRQHandler
                0x08000298                SCU_0_IRQHandler
                0x08000298                CCU41_0_IRQHandler
                0x08000298                USIC1_5_IRQHandler
                0x08000298                DSD0_4_IRQHandler
                0x08000298                CCU80_1_IRQHandler
                0x08000298                UsageFault_Handler
                0x08000298                USIC0_0_IRQHandler
                0x08000298                POSIF1_1_IRQHandler
                0x08000298                CCU81_1_IRQHandler
                0x08000298                ERU1_1_IRQHandler
                0x08000298                VADC0_G2_3_IRQHandler
                0x08000298                VADC0_G2_2_IRQHandler
                0x08000298                CCU42_3_IRQHandler
                0x08000298                ERU0_3_IRQHandler
                0x08000298                DSD0_5_IRQHandler
                0x08000298                VADC0_C0_3_IRQHandler
                0x08000298                CAN0_6_IRQHandler
                0x08000298                CCU43_0_IRQHandler
                0x08000298                VADC0_G0_1_IRQHandler
                0x08000298                CCU81_2_IRQHandler
                0x08000298                USIC2_4_IRQHandler
                0x08000298                CCU81_3_IRQHandler
                0x08000298                CCU42_1_IRQHandler
                0x08000298                USIC1_1_IRQHandler
                0x08000298                USIC2_5_IRQHandler
                0x08000298                CCU40_0_IRQHandler
                0x08000298                CAN0_0_IRQHandler
                0x08000298                ERU1_0_IRQHandler
                0x08000298                CCU42_2_IRQHandler
                0x08000298                Default_Handler
                0x08000298                USIC1_4_IRQHandler
                0x08000298                ERU1_3_IRQHandler
                0x08000298                USIC1_0_IRQHandler
                0x08000298                POSIF0_1_IRQHandler
                0x08000298                VADC0_G0_0_IRQHandler
                0x08000298                DSD0_2_IRQHandler
                0x08000298                CCU80_3_IRQHandler
                0x08000298                CCU41_3_IRQHandler
                0x08000298                ERU0_2_IRQHandler_test
                0x08000298                CCU80_2_IRQHandler
                0x08000298                VADC0_G1_3_IRQHandler
                0x08000298                VADC0_G0_3_IRQHandler
                0x08000298                GPDMA0_0_IRQHandler
                0x08000298                PMU0_0_IRQHandler
                0x08000298                CAN0_7_IRQHandler
                0x08000298                DSD0_1_IRQHandler
                0x08000298                CCU41_2_IRQHandler
                0x08000298                VADC0_C0_1_IRQHandler
                0x08000298                CCU43_2_IRQHandler
                0x08000298                USIC2_2_IRQHandler
                0x08000298                MemManage_Handler
                0x08000298                VADC0_G3_1_IRQHandler
                0x08000298                DAC0_0_IRQHandler
                0x08000298                SVC_Handler
                0x08000298                VADC0_G3_3_IRQHandler
                0x08000298                ERU1_2_IRQHandler
                0x08000298                CCU41_1_IRQHandler
                0x08000298                DSD0_6_IRQHandler
                0x08000298                CCU43_1_IRQHandler
                0x08000298                VADC0_G1_2_IRQHandler
                0x08000298                USIC2_3_IRQHandler
                0x08000298                CAN0_2_IRQHandler
                0x08000298                USIC2_0_IRQHandler
                0x08000298                ECAT0_0_IRQHandler
                0x08000298                VADC0_G2_1_IRQHandler
                0x08000298                CAN0_3_IRQHandler
                0x08000298                ETH0_0_IRQHandler
                0x08000298                USIC0_3_IRQHandler
                0x08000298                DSD0_0_IRQHandler
                0x08000298                VADC0_C0_2_IRQHandler
                0x08000298                CCU42_0_IRQHandler
                0x08000298                FCE0_0_IRQHandler
                0x08000298                VADC0_G1_0_IRQHandler
                0x08000298                USB0_0_IRQHandler
                0x08000298                CAN0_5_IRQHandler
                0x08000298                CCU80_0_IRQHandler
                0x08000298                CCU40_1_IRQHandler
                0x08000298                USIC2_1_IRQHandler
                0x08000298                USIC0_1_IRQHandler
                0x08000298                VADC0_G3_2_IRQHandler
                0x08000298                CCU40_3_IRQHandler
                0x08000298                BusFault_Handler
                0x08000298                LEDTS0_0_IRQHandler
                0x08000298                USIC0_4_IRQHandler
                0x08000298                CCU43_3_IRQHandler
                0x08000298                ERU0_1_IRQHandler
                0x08000298                VADC0_G3_0_IRQHandler
                0x08000298                USIC1_2_IRQHandler
                0x08000298                DSD0_3_IRQHandler
                0x08000298                SDMMC0_0_IRQHandler
                0x08000298                CAN0_1_IRQHandler
                0x08000298                USIC0_2_IRQHandler
                0x08000298                DAC0_1_IRQHandler
                0x08000298                GPDMA1_0_IRQHandler
 *(.text .text.* .gnu.linkonce.t.*)
 .text.delay    0x0800029c       0x28 ./Startup/system_XMC4800.o
 .text.SystemInit
                0x080002c4       0x20 ./Startup/system_XMC4800.o
                0x080002c4                SystemInit
 .text.SystemCoreSetup
                0x080002e4       0x70 ./Startup/system_XMC4800.o
                0x080002e4                SystemCoreSetup
 .text.SystemCoreClockSetup
                0x08000354      0x2e0 ./Startup/system_XMC4800.o
                0x08000354                SystemCoreClockSetup
 .text.SystemCoreClockUpdate
                0x08000634       0xd4 ./Startup/system_XMC4800.o
                0x08000634                SystemCoreClockUpdate
 .text.OSCHP_GetFrequency
                0x08000708       0x14 ./Startup/system_XMC4800.o
                0x08000708                OSCHP_GetFrequency
 .text._init    0x0800071c        0xc ./Libraries/Newlib/syscalls.o
                0x0800071c                _init
 .text.ERU0_0_IRQHandler
                0x08000728        0xc ./Encoder.o
                0x08000728                ERU0_0_IRQHandler
 .text.encoder_init
                0x08000734      0x1c0 ./Encoder.o
                0x08000734                encoder_init
 .text.current_filter
                0x080008f4       0x50 ./current_protection.o
                0x080008f4                current_filter
 .text.current_protection
                0x08000944       0xbc ./current_protection.o
                0x08000944                current_protection
 .text.__NVIC_EnableIRQ
                0x08000a00       0x38 ./driver_adc.o
 .text.__NVIC_ClearPendingIRQ
                0x08000a38       0x3c ./driver_adc.o
 .text.__NVIC_SetPriority
                0x08000a74       0x54 ./driver_adc.o
 .text.adc_init
                0x08000ac8      0x42c ./driver_adc.o
                0x08000ac8                adc_init
 .text.interrupt_vadc_init
                0x08000ef4      0x110 ./driver_adc.o
                0x08000ef4                interrupt_vadc_init
 .text.read_currents
                0x08001004       0xa4 ./driver_adc.o
                0x08001004                read_currents
 .text.compute_u_mot
                0x080010a8       0x48 ./driver_adc.o
                0x080010a8                compute_u_mot
 .text.compute_u_log
                0x080010f0       0x48 ./driver_adc.o
                0x080010f0                compute_u_log
 .text.compute_currents
                0x08001138      0x1c8 ./driver_adc.o
                0x08001138                compute_currents
 .text.pwm_init
                0x08001300      0x394 ./driver_pwm.o
                0x08001300                pwm_init
 .text.pwm_update
                0x08001694      0x184 ./driver_pwm.o
                0x08001694                pwm_update
 .text.motion_off
                0x08001818       0x7c ./driver_pwm.o
                0x08001818                motion_off
 .text.VADC0_G0_2_IRQHandler
                0x08001894      0x15c ./kernel_interrupt.o
                0x08001894                VADC0_G0_2_IRQHandler
 .text.CCU81_0_IRQHandler
                0x080019f0        0xc ./kernel_interrupt.o
                0x080019f0                CCU81_0_IRQHandler
 .text.infinite_loop
                0x080019fc        0xc ./main.o
                0x080019fc                infinite_loop
 .text.main     0x08001a08       0x28 ./main.o
                0x08001a08                main
 .text.compute_speed
                0x08001a30       0x40 ./motor_data_update.o
                0x08001a30                compute_speed
 .text.pi_regulator_i_q
                0x08001a70      0x15c ./pi_regulator.o
                0x08001a70                pi_regulator_i_q
 .text.pi_regulator_i_d
                0x08001bcc      0x15c ./pi_regulator.o
                0x08001bcc                pi_regulator_i_d
 .text.pi_regulator_speed
                0x08001d28      0x164 ./pi_regulator.o
                0x08001d28                pi_regulator_speed
 .text.pid_regulator_pos
                0x08001e8c      0x528 ./pi_regulator.o
                0x08001e8c                pid_regulator_pos
 .text.pi_init  0x080023b4      0x128 ./pi_regulator.o
                0x080023b4                pi_init
 .text.ProbeScope_Init
                0x080024dc      0x160 ./probe_scope.o
                0x080024dc                ProbeScope_Init
 .text.ProbeScope_Sampling
                0x0800263c       0x44 ./probe_scope.o
                0x0800263c                ProbeScope_Sampling
 .text.ProbeScope_ModeOff
                0x08002680       0x28 ./probe_scope.o
 .text.ProbeScope_ModeContinuous
                0x080026a8       0x7c ./probe_scope.o
 .text.ProbeScope_ModeTrig
                0x08002724      0x190 ./probe_scope.o
 .text.ProbeScope_SampleChAll
                0x080028b4       0x58 ./probe_scope.o
 .text.ProbeScope_SampleCh
                0x0800290c      0x1f8 ./probe_scope.o
 .text.ProbeScope_SamplePosNext
                0x08002b04       0x38 ./probe_scope.o
 .text.ProbeScope_IsTrig
                0x08002b3c      0x6ac ./probe_scope.o
 .text.reference_generator
                0x080031e8      0x180 ./reference_generator.o
                0x080031e8                reference_generator
 .text.drive_disabled
                0x08003368       0x28 ./state_machine.o
                0x08003368                drive_disabled
 .text.abc_dq   0x08003390       0xa8 ./transform.o
                0x08003390                abc_dq
 .text.dq_abc   0x08003438      0x10c ./transform.o
                0x08003438                dq_abc
 .text.compute_fast_speed
                0x08003544       0x34 ./transform.o
                0x08003544                compute_fast_speed
 .text.compute_fast_mechanical_position
                0x08003578       0x24 ./transform.o
                0x08003578                compute_fast_mechanical_position
 .text.compute_fast_electrical_position
                0x0800359c       0x50 ./transform.o
                0x0800359c                compute_fast_electrical_position
 .text.compute_fast_field
                0x080035ec       0x70 ./transform.o
                0x080035ec                compute_fast_field
 .text.sincosf  0x0800365c       0x18 c:/dave-ide-4.4.2-64bit/eclipse/arm-gcc-49/bin/../lib/gcc/arm-none-eabi/4.9.3/../../../../arm-none-eabi/lib/armv7e-m/softfp\libm.a(lib_a-wf_sincos.o)
                0x0800365c                sincosf
 .text.cosf     0x08003674       0x8c c:/dave-ide-4.4.2-64bit/eclipse/arm-gcc-49/bin/../lib/gcc/arm-none-eabi/4.9.3/../../../../arm-none-eabi/lib/armv7e-m/softfp\libm.a(lib_a-sf_cos.o)
                0x08003674                cosf
 .text.sinf     0x08003700       0x9c c:/dave-ide-4.4.2-64bit/eclipse/arm-gcc-49/bin/../lib/gcc/arm-none-eabi/4.9.3/../../../../arm-none-eabi/lib/armv7e-m/softfp\libm.a(lib_a-sf_sin.o)
                0x08003700                sinf
 .text.__ieee754_rem_pio2f
                0x0800379c      0x298 c:/dave-ide-4.4.2-64bit/eclipse/arm-gcc-49/bin/../lib/gcc/arm-none-eabi/4.9.3/../../../../arm-none-eabi/lib/armv7e-m/softfp\libm.a(lib_a-ef_rem_pio2.o)
                0x0800379c                __ieee754_rem_pio2f
 .text.__kernel_cosf
                0x08003a34      0x114 c:/dave-ide-4.4.2-64bit/eclipse/arm-gcc-49/bin/../lib/gcc/arm-none-eabi/4.9.3/../../../../arm-none-eabi/lib/armv7e-m/softfp\libm.a(lib_a-kf_cos.o)
                0x08003a34                __kernel_cosf
 .text.__kernel_rem_pio2f
                0x08003b48      0x628 c:/dave-ide-4.4.2-64bit/eclipse/arm-gcc-49/bin/../lib/gcc/arm-none-eabi/4.9.3/../../../../arm-none-eabi/lib/armv7e-m/softfp\libm.a(lib_a-kf_rem_pio2.o)
                0x08003b48                __kernel_rem_pio2f
 .text.__kernel_sinf
                0x08004170       0x9c c:/dave-ide-4.4.2-64bit/eclipse/arm-gcc-49/bin/../lib/gcc/arm-none-eabi/4.9.3/../../../../arm-none-eabi/lib/armv7e-m/softfp\libm.a(lib_a-kf_sin.o)
                0x08004170                __kernel_sinf
 .text.fabsf    0x0800420c        0x8 c:/dave-ide-4.4.2-64bit/eclipse/arm-gcc-49/bin/../lib/gcc/arm-none-eabi/4.9.3/../../../../arm-none-eabi/lib/armv7e-m/softfp\libm.a(lib_a-sf_fabs.o)
                0x0800420c                fabsf
 .text.floorf   0x08004214       0xb4 c:/dave-ide-4.4.2-64bit/eclipse/arm-gcc-49/bin/../lib/gcc/arm-none-eabi/4.9.3/../../../../arm-none-eabi/lib/armv7e-m/softfp\libm.a(lib_a-sf_floor.o)
                0x08004214                floorf
 .text.scalbnf  0x080042c8      0x100 c:/dave-ide-4.4.2-64bit/eclipse/arm-gcc-49/bin/../lib/gcc/arm-none-eabi/4.9.3/../../../../arm-none-eabi/lib/armv7e-m/softfp\libm.a(lib_a-sf_scalbn.o)
                0x080042c8                scalbnf
 .text.copysignf
                0x080043c8        0xc c:/dave-ide-4.4.2-64bit/eclipse/arm-gcc-49/bin/../lib/gcc/arm-none-eabi/4.9.3/../../../../arm-none-eabi/lib/armv7e-m/softfp\libm.a(lib_a-sf_copysign.o)
                0x080043c8                copysignf
 .text          0x080043d4      0x370 c:/dave-ide-4.4.2-64bit/eclipse/arm-gcc-49/bin/../lib/gcc/arm-none-eabi/4.9.3/armv7e-m/softfp\libgcc.a(_arm_addsubdf3.o)
                0x080043d4                __aeabi_drsub
                0x080043dc                __aeabi_dsub
                0x080043dc                __subdf3
                0x080043e0                __aeabi_dadd
                0x080043e0                __adddf3
                0x08004658                __floatunsidf
                0x08004658                __aeabi_ui2d
                0x08004678                __floatsidf
                0x08004678                __aeabi_i2d
                0x0800469c                __aeabi_f2d
                0x0800469c                __extendsfdf2
                0x080046d8                __floatundidf
                0x080046d8                __aeabi_ul2d
                0x080046e8                __floatdidf
                0x080046e8                __aeabi_l2d
 .text          0x08004744      0x424 c:/dave-ide-4.4.2-64bit/eclipse/arm-gcc-49/bin/../lib/gcc/arm-none-eabi/4.9.3/armv7e-m/softfp\libgcc.a(_arm_muldivdf3.o)
                0x08004744                __aeabi_dmul
                0x08004744                __muldf3
                0x08004998                __divdf3
                0x08004998                __aeabi_ddiv
 .text          0x08004b68       0xa0 c:/dave-ide-4.4.2-64bit/eclipse/arm-gcc-49/bin/../lib/gcc/arm-none-eabi/4.9.3/armv7e-m/softfp\libgcc.a(_arm_truncdfsf2.o)
                0x08004b68                __truncdfsf2
                0x08004b68                __aeabi_d2f
 .text.__libc_init_array
                0x08004c08       0x50 c:/dave-ide-4.4.2-64bit/eclipse/arm-gcc-49/bin/../lib/gcc/arm-none-eabi/4.9.3/../../../../arm-none-eabi/lib/armv7e-m/softfp\libg.a(lib_a-init.o)
                0x08004c08                __libc_init_array
 *(.init)
 *(.fini)
 *crtbegin.o(.ctors)
 *crtbegin?.o(.ctors)
 *(EXCLUDE_FILE(*crtend.o *crtend?.o) .ctors)
 *(SORT(.ctors.*))
 *(.ctors)
 *crtbegin.o(.dtors)
 *crtbegin?.o(.dtors)
 *(EXCLUDE_FILE(*crtend.o *crtend?.o) .dtors)
 *(SORT(.dtors.*))
 *(.dtors)
 *(.rodata .rodata.*)
 .rodata.npio2_hw
                0x08004c58       0x80 c:/dave-ide-4.4.2-64bit/eclipse/arm-gcc-49/bin/../lib/gcc/arm-none-eabi/4.9.3/../../../../arm-none-eabi/lib/armv7e-m/softfp\libm.a(lib_a-ef_rem_pio2.o)
 .rodata.two_over_pi
                0x08004cd8      0x318 c:/dave-ide-4.4.2-64bit/eclipse/arm-gcc-49/bin/../lib/gcc/arm-none-eabi/4.9.3/../../../../arm-none-eabi/lib/armv7e-m/softfp\libm.a(lib_a-ef_rem_pio2.o)
 .rodata.init_jk
                0x08004ff0        0xc c:/dave-ide-4.4.2-64bit/eclipse/arm-gcc-49/bin/../lib/gcc/arm-none-eabi/4.9.3/../../../../arm-none-eabi/lib/armv7e-m/softfp\libm.a(lib_a-kf_rem_pio2.o)
 .rodata.PIo2   0x08004ffc       0x2c c:/dave-ide-4.4.2-64bit/eclipse/arm-gcc-49/bin/../lib/gcc/arm-none-eabi/4.9.3/../../../../arm-none-eabi/lib/armv7e-m/softfp\libm.a(lib_a-kf_rem_pio2.o)
 *(.gnu.linkonce.r*)
 *(vtable)
                0x08005028                . = ALIGN (0x4)

.glue_7         0x08005028        0x0 load address 0x0c005028
 .glue_7        0x00000000        0x0 linker stubs

.glue_7t        0x08005028        0x0 load address 0x0c005028
 .glue_7t       0x00000000        0x0 linker stubs

.vfp11_veneer   0x08005028        0x0 load address 0x0c005028
 .vfp11_veneer  0x00000000        0x0 linker stubs

.v4_bx          0x08005028        0x0 load address 0x0c005028
 .v4_bx         0x00000000        0x0 linker stubs

.iplt           0x08005028        0x0 load address 0x0c005028
 .iplt          0x00000000        0x0 ./Startup/startup_XMC4800.o

.rel.dyn        0x08005028        0x0 load address 0x0c005028
 .rel.iplt      0x00000000        0x0 ./Startup/startup_XMC4800.o

.eh_frame_hdr
 *(.eh_frame_hdr)

.eh_frame
 *(.eh_frame)

.ARM.extab
 *(.ARM.extab* .gnu.linkonce.armextab.*)
                0x08005028                . = ALIGN (0x4)
                0x08005028                __exidx_start = .

.ARM.exidx
 *(.ARM.exidx* .gnu.linkonce.armexidx.*)
                0x08005028                __exidx_end = .
                0x08005028                . = ALIGN (0x4)

Stack           0x1ffe8000      0x800
                0x1ffe8000                __stack_start = .
                0x1ffe8800                . = (. + stack_size)
 *fill*         0x1ffe8000      0x800 
                0x1ffe8800                __stack_end = .
                0x1ffe8800                __initial_sp = .

.ram_code       0x1ffe8800        0x0 load address 0x0c005028
                0x1ffe8800                . = ALIGN (0x4)
                0x1ffe8800                __ram_code_start = .
 *(.ram_code)
                0x1ffe8800                . = ALIGN (0x4)
                0x1ffe8800                __ram_code_end = .
                0x0c005028                __ram_code_load = LOADADDR (.ram_code)
                0x00000000                __ram_code_size = (__ram_code_end - __ram_code_start)

.data           0x1ffe8800       0x28 load address 0x0c005028
                0x1ffe8800                . = ALIGN (0x4)
                0x1ffe8800                __data_start = .
 *(.data)
 *(.data*)
 .data.i_prot   0x1ffe8800        0x4 ./current_protection.o
                0x1ffe8800                i_prot
 .data.k        0x1ffe8804        0x4 ./current_protection.o
                0x1ffe8804                k
 .data.prot_status
                0x1ffe8808        0x1 ./driver_adc.o
                0x1ffe8808                prot_status
 *fill*         0x1ffe8809        0x1 
 .data.pwm_value
                0x1ffe880a        0x2 ./driver_pwm.o
                0x1ffe880a                pwm_value
 .data.sat_pwm  0x1ffe880c        0x2 ./driver_pwm.o
                0x1ffe880c                sat_pwm
 .data.test     0x1ffe880e        0x1 ./kernel_interrupt.o
                0x1ffe880e                test
 *fill*         0x1ffe880f        0x1 
 .data.u_q_ref  0x1ffe8810        0x4 ./pi_regulator.o
                0x1ffe8810                u_q_ref
 .data.ProbeScopeDbg_MaxSamples
                0x1ffe8814        0x2 ./probe_scope.o
 .data.ProbeScopeDbg_MaxCh
                0x1ffe8816        0x1 ./probe_scope.o
 *fill*         0x1ffe8817        0x1 
 .data.ProbeScopeDbg_16BitEn
                0x1ffe8818        0x4 ./probe_scope.o
 .data.ProbeScopeDbg_32BitEn
                0x1ffe881c        0x4 ./probe_scope.o
 .data.repeat_motion
                0x1ffe8820        0x1 ./reference_generator.o
                0x1ffe8820                repeat_motion
 *fill*         0x1ffe8821        0x1 
 .data.encoder_resolution
                0x1ffe8822        0x2 ./transform.o
                0x1ffe8822                encoder_resolution
 .data.pp       0x1ffe8824        0x1 ./transform.o
                0x1ffe8824                pp
 *(*.data)
 *(.gnu.linkonce.d*)
                0x1ffe8828                . = ALIGN (0x4)
 *fill*         0x1ffe8825        0x3 
                0x1ffe8828                PROVIDE (__preinit_array_start, .)
 *(.preinit_array)
                0x1ffe8828                PROVIDE (__preinit_array_end, .)
                0x1ffe8828                . = ALIGN (0x4)
                0x1ffe8828                PROVIDE (__init_array_start, .)
 *(SORT(.init_array.*))
 *(.init_array)
                0x1ffe8828                PROVIDE (__init_array_end, .)
                0x1ffe8828                . = ALIGN (0x4)
                0x1ffe8828                PROVIDE (__fini_array_start, .)
 *(SORT(.fini_array.*))
 *(.fini_array)
                0x1ffe8828                PROVIDE (__fini_array_end, .)
                0x1ffe8828                . = ALIGN (0x4)
                0x1ffe8828                __data_end = .
                0x0c005028                __data_load = LOADADDR (.data)
                0x00000028                __data_size = (__data_end - __data_start)
                0x00005050                __text_size = (((__exidx_end - sText) + __data_size) + __ram_code_size)
                0x08005050                eText = (sText + __text_size)

.igot.plt       0x1ffe8828        0x0 load address 0x0c005050
 .igot.plt      0x00000000        0x0 ./Startup/startup_XMC4800.o

.bss            0x1ffe8828     0x7f98 load address 0x0c005050
                0x1ffe8828                . = ALIGN (0x4)
                0x1ffe8828                __bss_start = .
 *(.bss)
 *(.bss*)
 .bss.filter_output
                0x1ffe8828        0x4 ./current_protection.o
                0x1ffe8828                filter_output
 .bss.filter_output_old
                0x1ffe882c        0x4 ./current_protection.o
                0x1ffe882c                filter_output_old
 .bss.counter_timer_prot
                0x1ffe8830        0x4 ./current_protection.o
                0x1ffe8830                counter_timer_prot
 .bss.interrupt_counter_slow_loop
                0x1ffe8834        0x2 ./kernel_interrupt.o
                0x1ffe8834                interrupt_counter_slow_loop
 .bss.interrupt_counter_fast_loop
                0x1ffe8836        0x2 ./kernel_interrupt.o
                0x1ffe8836                interrupt_counter_fast_loop
 .bss.interrupt_counter_timer
                0x1ffe8838        0x4 ./kernel_interrupt.o
                0x1ffe8838                interrupt_counter_timer
 .bss.motor_spd
                0x1ffe883c        0x4 ./motor_data_update.o
                0x1ffe883c                motor_spd
 .bss.timer_value_slow
                0x1ffe8840        0x2 ./motor_data_update.o
                0x1ffe8840                timer_value_slow
 .bss.timer_value_old_slow
                0x1ffe8842        0x2 ./motor_data_update.o
                0x1ffe8842                timer_value_old_slow
 .bss.i_q_ref   0x1ffe8844        0x4 ./pi_regulator.o
                0x1ffe8844                i_q_ref
 .bss.i_d_ref   0x1ffe8848        0x4 ./pi_regulator.o
                0x1ffe8848                i_d_ref
 .bss.pos_ref   0x1ffe884c        0x4 ./pi_regulator.o
                0x1ffe884c                pos_ref
 .bss.spd_ref   0x1ffe8850        0x4 ./pi_regulator.o
                0x1ffe8850                spd_ref
 .bss.u_d_ref   0x1ffe8854        0x4 ./pi_regulator.o
                0x1ffe8854                u_d_ref
 .bss.ProbeScope_Ch1
                0x1ffe8858      0xfb8 ./probe_scope.o
 .bss.ProbeScope_Ch2
                0x1ffe9810      0xfb8 ./probe_scope.o
 .bss.ProbeScope_Ch3
                0x1ffea7c8      0xfb8 ./probe_scope.o
 .bss.ProbeScope_Ch4
                0x1ffeb780      0xfb8 ./probe_scope.o
 .bss.ProbeScope_Ch5
                0x1ffec738      0xfb8 ./probe_scope.o
 .bss.ProbeScope_Ch6
                0x1ffed6f0      0xfb8 ./probe_scope.o
 .bss.ProbeScope_Ch7
                0x1ffee6a8      0xfb8 ./probe_scope.o
 .bss.ProbeScope_Ch8
                0x1ffef660      0xfb8 ./probe_scope.o
 .bss.ProbeScope_Mode
                0x1fff0618        0x1 ./probe_scope.o
 .bss.ProbeScope_TrigChSel
                0x1fff0619        0x1 ./probe_scope.o
 *fill*         0x1fff061a        0x2 
 .bss.ProbeScope_TrigHoldOffCtr
                0x1fff061c        0x4 ./probe_scope.o
 .bss.ProbeScope_TrigSlope
                0x1fff0620        0x4 ./probe_scope.o
 .bss.ProbeScope_SampleIxPrev
                0x1fff0624        0x4 ./probe_scope.o
 .bss.ProbeScope_SampleIxCur
                0x1fff0628        0x4 ./probe_scope.o
 .bss.ProbeScope_SamplesPreTrigCtr
                0x1fff062c        0x4 ./probe_scope.o
 .bss.ProbeScope_SamplesPostTrigCtr
                0x1fff0630        0x4 ./probe_scope.o
 .bss.ProbeScope_SamplingClkDiv
                0x1fff0634        0x2 ./probe_scope.o
 .bss.ProbeScope_SamplingClkDivCtr
                0x1fff0636        0x2 ./probe_scope.o
 .bss.ProbeScope_State
                0x1fff0638        0x1 ./probe_scope.o
 *fill*         0x1fff0639        0x3 
 .bss.temp.4203
                0x1fff063c        0x4 ./probe_scope.o
 .bss.interrupt_counter_ref_gen
                0x1fff0640        0x4 ./reference_generator.o
                0x1fff0640                interrupt_counter_ref_gen
 .bss.ref_gen_status
                0x1fff0644        0x1 ./reference_generator.o
                0x1fff0644                ref_gen_status
 *fill*         0x1fff0645        0x3 
 .bss.reference
                0x1fff0648        0x4 ./reference_generator.o
                0x1fff0648                reference
 .bss.ref_type_select
                0x1fff064c        0x1 ./reference_generator.o
                0x1fff064c                ref_type_select
 *fill*         0x1fff064d        0x1 
 .bss.drive_status
                0x1fff064e        0x2 ./state_machine.o
                0x1fff064e                drive_status
 .bss.drive_command_old
                0x1fff0650        0x2 ./state_machine.o
                0x1fff0650                drive_command_old
 .bss.loop_control
                0x1fff0652        0x1 ./state_machine.o
                0x1fff0652                loop_control
 .bss.motion_config
                0x1fff0653        0x1 ./state_machine.o
                0x1fff0653                motion_config
 .bss.mechanical_position_fast
                0x1fff0654        0x4 ./transform.o
                0x1fff0654                mechanical_position_fast
 .bss.electrical_position_modulo_fast
                0x1fff0658        0x4 ./transform.o
                0x1fff0658                electrical_position_modulo_fast
 .bss.theta_fast
                0x1fff065c        0x4 ./transform.o
                0x1fff065c                theta_fast
 .bss.sin_theta_fast
                0x1fff0660        0x4 ./transform.o
                0x1fff0660                sin_theta_fast
 .bss.cos_theta_fast
                0x1fff0664        0x4 ./transform.o
                0x1fff0664                cos_theta_fast
 .bss.timer_value_fast
                0x1fff0668        0x2 ./transform.o
                0x1fff0668                timer_value_fast
 .bss.timer_value_old_fast
                0x1fff066a        0x2 ./transform.o
                0x1fff066a                timer_value_old_fast
 .bss.speed_value_fast
                0x1fff066c        0x2 ./transform.o
                0x1fff066c                speed_value_fast
 .bss.electrical_resolution
                0x1fff066e        0x2 ./transform.o
                0x1fff066e                electrical_resolution
 *(COMMON)
 COMMON         0x1fff0670       0x36 ./driver_adc.o
                0x1fff0670                offset_ib
                0x1fff0674                u_log
                0x1fff0678                offset_ic
                0x1fff067c                ib
                0x1fff0680                u_log_dig
                0x1fff0684                ia
                0x1fff0688                iq_a
                0x1fff068c                ic_a
                0x1fff0690                ia_a
                0x1fff0694                u_mot
                0x1fff0698                u_mot_dig
                0x1fff069c                ib_a
                0x1fff06a0                offset_ia
                0x1fff06a4                ic
 *fill*         0x1fff06a6        0x2 
 COMMON         0x1fff06a8       0xb8 ./pi_regulator.o
                0x1fff06a8                position
                0x1fff06f0                err_old_pos
                0x1fff06f4                current_d
                0x1fff0718                speed
                0x1fff073c                current_q
 COMMON         0x1fff0760       0x1c ./probe_scope.o
                0x1fff0760                ProbeScope_TrigFlag
                0x1fff0764                ProbeScope_SamplingClkHz
                0x1fff0768                ProbeScope_TrigIx
                0x1fff076c                ProbeScope_TrigDispPos
                0x1fff0770                ProbeScope_TrigHoldOff
                0x1fff0774                ProbeScope_InitFlag
                0x1fff0778                ProbeScope_DataRdyFlag
 COMMON         0x1fff077c       0x20 ./reference_generator.o
                0x1fff077c                rise_increment
                0x1fff0780                high_level_time
                0x1fff0784                low_level
                0x1fff0788                rise_time
                0x1fff078c                low_level_time
                0x1fff0790                high_level
                0x1fff0794                fall_decrement
                0x1fff0798                fall_time
 COMMON         0x1fff079c       0x24 ./transform.o
                0x1fff079c                u_b_ref
                0x1fff07a0                i_alpha
                0x1fff07a4                i_q
                0x1fff07a8                i_d
                0x1fff07ac                u_a_ref
                0x1fff07b0                u_beta
                0x1fff07b4                u_alpha
                0x1fff07b8                i_beta
                0x1fff07bc                u_c_ref
 *(.gnu.linkonce.b*)
                0x1fff07c0                . = ALIGN (0x4)
                0x1fff07c0                __bss_end = .
                0x00007f98                __bss_size = (__bss_end - __bss_start)
                0x0000f840                __shift_loc = (__bss_end >= ORIGIN (DSRAM_1_system))?0x0:(ORIGIN (DSRAM_1_system) - __bss_end)

USB_RAM         0x20000000        0x0
                0x20000000                . = ALIGN (0x4)
                0x20000000                USB_RAM_start = .
 *(USB_RAM)
                0x20000000                . = ALIGN (0x4)
                0x20000000                USB_RAM_end = .
                0x00000000                USB_RAM_size = (USB_RAM_end - USB_RAM_start)

ETH_RAM         0x20000000        0x0
                0x20000000                . = ALIGN (0x4)
                0x20000000                ETH_RAM_start = .
 *(ETH_RAM)
                0x20000000                . = ALIGN (0x4)
                0x20000000                ETH_RAM_end = .
                0x20000000                . = ALIGN (0x8)
                0x20000000                Heap_Bank1_Start = .
                0x00000000                ETH_RAM_size = (ETH_RAM_end - ETH_RAM_start)

.no_init        0x2003ffc0       0x14
                0x2003ffc0                Heap_Bank1_End = .
 *(.no_init)
 .no_init       0x2003ffc0       0x14 ./Startup/system_XMC4800.o
                0x2003ffc0                SystemCoreClock
                0x2003ffc4                g_chipid
                0x0003ffc0                Heap_Bank1_Size = (Heap_Bank1_End - Heap_Bank1_Start)
                0x00000001                ASSERT ((Heap_Bank1_Start <= Heap_Bank1_End), region SRAM_combined overflowed no_init section)

/DISCARD/
 *(.comment)

.stab
 *(.stab)

.stabstr
 *(.stabstr)

.debug
 *(.debug)

.line
 *(.line)

.debug_srcinfo
 *(.debug_srcinfo)

.debug_sfnames
 *(.debug_sfnames)

.debug_aranges  0x00000000      0x378
 *(.debug_aranges)
 .debug_aranges
                0x00000000       0x20 ./Startup/startup_XMC4800.o
 .debug_aranges
                0x00000020       0x48 ./Startup/system_XMC4800.o
 .debug_aranges
                0x00000068       0x28 ./Libraries/Newlib/syscalls.o
 .debug_aranges
                0x00000090       0x48 ./Encoder.o
 .debug_aranges
                0x000000d8       0x28 ./current_protection.o
 .debug_aranges
                0x00000100       0x68 ./driver_adc.o
 .debug_aranges
                0x00000168       0x48 ./driver_pwm.o
 .debug_aranges
                0x000001b0       0x28 ./kernel_interrupt.o
 .debug_aranges
                0x000001d8       0x28 ./main.o
 .debug_aranges
                0x00000200       0x28 ./motor_data_update.o
 .debug_aranges
                0x00000228       0x40 ./pi_regulator.o
 .debug_aranges
                0x00000268       0x60 ./probe_scope.o
 .debug_aranges
                0x000002c8       0x28 ./reference_generator.o
 .debug_aranges
                0x000002f0       0x40 ./state_machine.o
 .debug_aranges
                0x00000330       0x48 ./transform.o

.debug_pubnames
 *(.debug_pubnames)

.debug_pubtypes
 *(.debug_pubtypes)

.debug_info     0x00000000     0x6296
 *(.debug_info .gnu.linkonce.wi.*)
 .debug_info    0x00000000       0x63 ./Startup/startup_XMC4800.o
 .debug_info    0x00000063      0x928 ./Startup/system_XMC4800.o
 .debug_info    0x0000098b      0x11f ./Libraries/Newlib/syscalls.o
 .debug_info    0x00000aaa     0x11d2 ./Encoder.o
 .debug_info    0x00001c7c      0x1d0 ./current_protection.o
 .debug_info    0x00001e4c     0x1aaf ./driver_adc.o
 .debug_info    0x000038fb      0xe2a ./driver_pwm.o
 .debug_info    0x00004725      0x21c ./kernel_interrupt.o
 .debug_info    0x00004941      0x145 ./main.o
 .debug_info    0x00004a86      0x3a5 ./motor_data_update.o
 .debug_info    0x00004e2b      0x32e ./pi_regulator.o
 .debug_info    0x00005159      0x5cb ./probe_scope.o
 .debug_info    0x00005724      0x39a ./reference_generator.o
 .debug_info    0x00005abe      0x250 ./state_machine.o
 .debug_info    0x00005d0e      0x588 ./transform.o

.debug_abbrev   0x00000000      0xed2
 *(.debug_abbrev)
 .debug_abbrev  0x00000000       0x14 ./Startup/startup_XMC4800.o
 .debug_abbrev  0x00000014      0x1a1 ./Startup/system_XMC4800.o
 .debug_abbrev  0x000001b5       0xbd ./Libraries/Newlib/syscalls.o
 .debug_abbrev  0x00000272      0x136 ./Encoder.o
 .debug_abbrev  0x000003a8       0xc5 ./current_protection.o
 .debug_abbrev  0x0000046d      0x1dd ./driver_adc.o
 .debug_abbrev  0x0000064a       0xf4 ./driver_pwm.o
 .debug_abbrev  0x0000073e       0xb9 ./kernel_interrupt.o
 .debug_abbrev  0x000007f7       0xc5 ./main.o
 .debug_abbrev  0x000008bc       0xf4 ./motor_data_update.o
 .debug_abbrev  0x000009b0      0x104 ./pi_regulator.o
 .debug_abbrev  0x00000ab4      0x176 ./probe_scope.o
 .debug_abbrev  0x00000c2a       0xd9 ./reference_generator.o
 .debug_abbrev  0x00000d03       0xb9 ./state_machine.o
 .debug_abbrev  0x00000dbc      0x116 ./transform.o

.debug_line     0x00000000     0x1e73
 *(.debug_line)
 .debug_line    0x00000000       0x87 ./Startup/startup_XMC4800.o
 .debug_line    0x00000087      0x2a5 ./Startup/system_XMC4800.o
 .debug_line    0x0000032c       0xba ./Libraries/Newlib/syscalls.o
 .debug_line    0x000003e6      0x213 ./Encoder.o
 .debug_line    0x000005f9      0x18d ./current_protection.o
 .debug_line    0x00000786      0x2fd ./driver_adc.o
 .debug_line    0x00000a83      0x24d ./driver_pwm.o
 .debug_line    0x00000cd0      0x1d9 ./kernel_interrupt.o
 .debug_line    0x00000ea9      0x1c6 ./main.o
 .debug_line    0x0000106f      0x1c9 ./motor_data_update.o
 .debug_line    0x00001238      0x265 ./pi_regulator.o
 .debug_line    0x0000149d      0x38b ./probe_scope.o
 .debug_line    0x00001828      0x1fd ./reference_generator.o
 .debug_line    0x00001a25      0x208 ./state_machine.o
 .debug_line    0x00001c2d      0x246 ./transform.o

.debug_frame    0x00000000      0xc4c
 *(.debug_frame)
 .debug_frame   0x00000000       0xec ./Startup/system_XMC4800.o
 .debug_frame   0x000000ec       0x5c ./Libraries/Newlib/syscalls.o
 .debug_frame   0x00000148       0xec ./Encoder.o
 .debug_frame   0x00000234       0x54 ./current_protection.o
 .debug_frame   0x00000288      0x168 ./driver_adc.o
 .debug_frame   0x000003f0       0xec ./driver_pwm.o
 .debug_frame   0x000004dc       0x5c ./kernel_interrupt.o
 .debug_frame   0x00000538       0x50 ./main.o
 .debug_frame   0x00000588       0x50 ./motor_data_update.o
 .debug_frame   0x000005d8       0xcc ./pi_regulator.o
 .debug_frame   0x000006a4      0x144 ./probe_scope.o
 .debug_frame   0x000007e8       0x58 ./reference_generator.o
 .debug_frame   0x00000840       0xa4 ./state_machine.o
 .debug_frame   0x000008e4       0xe0 ./transform.o
 .debug_frame   0x000009c4       0x2c c:/dave-ide-4.4.2-64bit/eclipse/arm-gcc-49/bin/../lib/gcc/arm-none-eabi/4.9.3/../../../../arm-none-eabi/lib/armv7e-m/softfp\libm.a(lib_a-wf_sincos.o)
 .debug_frame   0x000009f0       0x34 c:/dave-ide-4.4.2-64bit/eclipse/arm-gcc-49/bin/../lib/gcc/arm-none-eabi/4.9.3/../../../../arm-none-eabi/lib/armv7e-m/softfp\libm.a(lib_a-sf_cos.o)
 .debug_frame   0x00000a24       0x34 c:/dave-ide-4.4.2-64bit/eclipse/arm-gcc-49/bin/../lib/gcc/arm-none-eabi/4.9.3/../../../../arm-none-eabi/lib/armv7e-m/softfp\libm.a(lib_a-sf_sin.o)
 .debug_frame   0x00000a58       0x3c c:/dave-ide-4.4.2-64bit/eclipse/arm-gcc-49/bin/../lib/gcc/arm-none-eabi/4.9.3/../../../../arm-none-eabi/lib/armv7e-m/softfp\libm.a(lib_a-ef_rem_pio2.o)
 .debug_frame   0x00000a94       0x20 c:/dave-ide-4.4.2-64bit/eclipse/arm-gcc-49/bin/../lib/gcc/arm-none-eabi/4.9.3/../../../../arm-none-eabi/lib/armv7e-m/softfp\libm.a(lib_a-kf_cos.o)
 .debug_frame   0x00000ab4       0x5c c:/dave-ide-4.4.2-64bit/eclipse/arm-gcc-49/bin/../lib/gcc/arm-none-eabi/4.9.3/../../../../arm-none-eabi/lib/armv7e-m/softfp\libm.a(lib_a-kf_rem_pio2.o)
 .debug_frame   0x00000b10       0x20 c:/dave-ide-4.4.2-64bit/eclipse/arm-gcc-49/bin/../lib/gcc/arm-none-eabi/4.9.3/../../../../arm-none-eabi/lib/armv7e-m/softfp\libm.a(lib_a-kf_sin.o)
 .debug_frame   0x00000b30       0x20 c:/dave-ide-4.4.2-64bit/eclipse/arm-gcc-49/bin/../lib/gcc/arm-none-eabi/4.9.3/../../../../arm-none-eabi/lib/armv7e-m/softfp\libm.a(lib_a-sf_fabs.o)
 .debug_frame   0x00000b50       0x48 c:/dave-ide-4.4.2-64bit/eclipse/arm-gcc-49/bin/../lib/gcc/arm-none-eabi/4.9.3/../../../../arm-none-eabi/lib/armv7e-m/softfp\libm.a(lib_a-sf_floor.o)
 .debug_frame   0x00000b98       0x68 c:/dave-ide-4.4.2-64bit/eclipse/arm-gcc-49/bin/../lib/gcc/arm-none-eabi/4.9.3/../../../../arm-none-eabi/lib/armv7e-m/softfp\libm.a(lib_a-sf_scalbn.o)
 .debug_frame   0x00000c00       0x20 c:/dave-ide-4.4.2-64bit/eclipse/arm-gcc-49/bin/../lib/gcc/arm-none-eabi/4.9.3/../../../../arm-none-eabi/lib/armv7e-m/softfp\libm.a(lib_a-sf_copysign.o)
 .debug_frame   0x00000c20       0x2c c:/dave-ide-4.4.2-64bit/eclipse/arm-gcc-49/bin/../lib/gcc/arm-none-eabi/4.9.3/../../../../arm-none-eabi/lib/armv7e-m/softfp\libg.a(lib_a-init.o)

.debug_str      0x00000000     0x1d6f
 *(.debug_str)
 .debug_str     0x00000000      0x53e ./Startup/system_XMC4800.o
                                0x5a0 (size before relaxing)
 .debug_str     0x0000053e       0x6f ./Libraries/Newlib/syscalls.o
                                0x1fe (size before relaxing)
 .debug_str     0x000005ad      0x858 ./Encoder.o
                                0xc35 (size before relaxing)
 .debug_str     0x00000e05       0xc2 ./current_protection.o
                                0x2b7 (size before relaxing)
 .debug_str     0x00000ec7      0x3b5 ./driver_adc.o
                                0xf10 (size before relaxing)
 .debug_str     0x0000127c       0x97 ./driver_pwm.o
                                0x57a (size before relaxing)
 .debug_str     0x00001313      0x14c ./kernel_interrupt.o
                                0x372 (size before relaxing)
 .debug_str     0x0000145f       0x23 ./main.o
                                0x22c (size before relaxing)
 .debug_str     0x00001482       0x91 ./motor_data_update.o
                                0x309 (size before relaxing)
 .debug_str     0x00001513       0xe2 ./pi_regulator.o
                                0x335 (size before relaxing)
 .debug_str     0x000015f5      0x467 ./probe_scope.o
                                0x670 (size before relaxing)
 .debug_str     0x00001a5c      0x186 ./reference_generator.o
                                0x466 (size before relaxing)
 .debug_str     0x00001be2       0x68 ./state_machine.o
                                0x35c (size before relaxing)
 .debug_str     0x00001c4a      0x125 ./transform.o
                                0x43b (size before relaxing)

.debug_loc      0x00000000     0x10f0
 *(.debug_loc)
 .debug_loc     0x00000000      0x1a4 ./Startup/system_XMC4800.o
 .debug_loc     0x000001a4       0x94 ./Libraries/Newlib/syscalls.o
 .debug_loc     0x00000238      0x1c8 ./Encoder.o
 .debug_loc     0x00000400       0x88 ./current_protection.o
 .debug_loc     0x00000488      0x29c ./driver_adc.o
 .debug_loc     0x00000724      0x1a4 ./driver_pwm.o
 .debug_loc     0x000008c8       0x94 ./kernel_interrupt.o
 .debug_loc     0x0000095c       0x70 ./main.o
 .debug_loc     0x000009cc       0x70 ./motor_data_update.o
 .debug_loc     0x00000a3c      0x16c ./pi_regulator.o
 .debug_loc     0x00000ba8      0x24c ./probe_scope.o
 .debug_loc     0x00000df4       0x88 ./reference_generator.o
 .debug_loc     0x00000e7c       0xf4 ./state_machine.o
 .debug_loc     0x00000f70      0x180 ./transform.o

.debug_macinfo
 *(.debug_macinfo)

.debug_ranges   0x00000000      0x278
 *(.debug_ranges)
 .debug_ranges  0x00000000       0x38 ./Startup/system_XMC4800.o
 .debug_ranges  0x00000038       0x18 ./Libraries/Newlib/syscalls.o
 .debug_ranges  0x00000050       0x38 ./Encoder.o
 .debug_ranges  0x00000088       0x18 ./current_protection.o
 .debug_ranges  0x000000a0       0x58 ./driver_adc.o
 .debug_ranges  0x000000f8       0x38 ./driver_pwm.o
 .debug_ranges  0x00000130       0x18 ./kernel_interrupt.o
 .debug_ranges  0x00000148       0x18 ./main.o
 .debug_ranges  0x00000160       0x18 ./motor_data_update.o
 .debug_ranges  0x00000178       0x30 ./pi_regulator.o
 .debug_ranges  0x000001a8       0x50 ./probe_scope.o
 .debug_ranges  0x000001f8       0x18 ./reference_generator.o
 .debug_ranges  0x00000210       0x30 ./state_machine.o
 .debug_ranges  0x00000240       0x38 ./transform.o

.debug_weaknames
 *(.debug_weaknames)

.debug_funcnames
 *(.debug_funcnames)

.debug_typenames
 *(.debug_typenames)

.debug_varnames
 *(.debug_varnames)

.build_attributes
                0x00000000      0x5e5
 *(.ARM.attributes)
 .ARM.attributes
                0x00000000       0x25 ./Startup/startup_XMC4800.o
 .ARM.attributes
                0x00000025       0x37 ./Startup/system_XMC4800.o
 .ARM.attributes
                0x0000005c       0x37 ./Libraries/Newlib/syscalls.o
 .ARM.attributes
                0x00000093       0x37 ./Encoder.o
 .ARM.attributes
                0x000000ca       0x37 ./current_protection.o
 .ARM.attributes
                0x00000101       0x37 ./driver_adc.o
 .ARM.attributes
                0x00000138       0x37 ./driver_pwm.o
 .ARM.attributes
                0x0000016f       0x37 ./kernel_interrupt.o
 .ARM.attributes
                0x000001a6       0x37 ./main.o
 .ARM.attributes
                0x000001dd       0x37 ./motor_data_update.o
 .ARM.attributes
                0x00000214       0x37 ./pi_regulator.o
 .ARM.attributes
                0x0000024b       0x37 ./probe_scope.o
 .ARM.attributes
                0x00000282       0x37 ./reference_generator.o
 .ARM.attributes
                0x000002b9       0x37 ./state_machine.o
 .ARM.attributes
                0x000002f0       0x37 ./transform.o
 .ARM.attributes
                0x00000327       0x32 c:/dave-ide-4.4.2-64bit/eclipse/arm-gcc-49/bin/../lib/gcc/arm-none-eabi/4.9.3/../../../../arm-none-eabi/lib/armv7e-m/softfp\libm.a(lib_a-wf_sincos.o)
 .ARM.attributes
                0x00000359       0x32 c:/dave-ide-4.4.2-64bit/eclipse/arm-gcc-49/bin/../lib/gcc/arm-none-eabi/4.9.3/../../../../arm-none-eabi/lib/armv7e-m/softfp\libm.a(lib_a-sf_cos.o)
 .ARM.attributes
                0x0000038b       0x32 c:/dave-ide-4.4.2-64bit/eclipse/arm-gcc-49/bin/../lib/gcc/arm-none-eabi/4.9.3/../../../../arm-none-eabi/lib/armv7e-m/softfp\libm.a(lib_a-sf_sin.o)
 .ARM.attributes
                0x000003bd       0x32 c:/dave-ide-4.4.2-64bit/eclipse/arm-gcc-49/bin/../lib/gcc/arm-none-eabi/4.9.3/../../../../arm-none-eabi/lib/armv7e-m/softfp\libm.a(lib_a-ef_rem_pio2.o)
 .ARM.attributes
                0x000003ef       0x32 c:/dave-ide-4.4.2-64bit/eclipse/arm-gcc-49/bin/../lib/gcc/arm-none-eabi/4.9.3/../../../../arm-none-eabi/lib/armv7e-m/softfp\libm.a(lib_a-kf_cos.o)
 .ARM.attributes
                0x00000421       0x32 c:/dave-ide-4.4.2-64bit/eclipse/arm-gcc-49/bin/../lib/gcc/arm-none-eabi/4.9.3/../../../../arm-none-eabi/lib/armv7e-m/softfp\libm.a(lib_a-kf_rem_pio2.o)
 .ARM.attributes
                0x00000453       0x32 c:/dave-ide-4.4.2-64bit/eclipse/arm-gcc-49/bin/../lib/gcc/arm-none-eabi/4.9.3/../../../../arm-none-eabi/lib/armv7e-m/softfp\libm.a(lib_a-kf_sin.o)
 .ARM.attributes
                0x00000485       0x32 c:/dave-ide-4.4.2-64bit/eclipse/arm-gcc-49/bin/../lib/gcc/arm-none-eabi/4.9.3/../../../../arm-none-eabi/lib/armv7e-m/softfp\libm.a(lib_a-sf_fabs.o)
 .ARM.attributes
                0x000004b7       0x32 c:/dave-ide-4.4.2-64bit/eclipse/arm-gcc-49/bin/../lib/gcc/arm-none-eabi/4.9.3/../../../../arm-none-eabi/lib/armv7e-m/softfp\libm.a(lib_a-sf_floor.o)
 .ARM.attributes
                0x000004e9       0x32 c:/dave-ide-4.4.2-64bit/eclipse/arm-gcc-49/bin/../lib/gcc/arm-none-eabi/4.9.3/../../../../arm-none-eabi/lib/armv7e-m/softfp\libm.a(lib_a-sf_scalbn.o)
 .ARM.attributes
                0x0000051b       0x32 c:/dave-ide-4.4.2-64bit/eclipse/arm-gcc-49/bin/../lib/gcc/arm-none-eabi/4.9.3/../../../../arm-none-eabi/lib/armv7e-m/softfp\libm.a(lib_a-sf_copysign.o)
 .ARM.attributes
                0x0000054d       0x22 c:/dave-ide-4.4.2-64bit/eclipse/arm-gcc-49/bin/../lib/gcc/arm-none-eabi/4.9.3/armv7e-m/softfp\libgcc.a(_arm_addsubdf3.o)
 .ARM.attributes
                0x0000056f       0x22 c:/dave-ide-4.4.2-64bit/eclipse/arm-gcc-49/bin/../lib/gcc/arm-none-eabi/4.9.3/armv7e-m/softfp\libgcc.a(_arm_muldivdf3.o)
 .ARM.attributes
                0x00000591       0x22 c:/dave-ide-4.4.2-64bit/eclipse/arm-gcc-49/bin/../lib/gcc/arm-none-eabi/4.9.3/armv7e-m/softfp\libgcc.a(_arm_truncdfsf2.o)
 .ARM.attributes
                0x000005b3       0x32 c:/dave-ide-4.4.2-64bit/eclipse/arm-gcc-49/bin/../lib/gcc/arm-none-eabi/4.9.3/../../../../arm-none-eabi/lib/armv7e-m/softfp\libg.a(lib_a-init.o)
OUTPUT(Stepper_drive.elf elf32-littlearm)
